This is pdfTeX, Version 3.141592653-2.6-1.40.29 (MiKTeX 26.5) (preloaded format=pdflatex 2026.6.25)  10 AUG 2026 00:41
entering extended mode
 restricted \write18 enabled.
 file:line:error style messages enabled.
 %&-line parsing enabled.
**d:/Documents/GitRepos/ApplyCraft/latex/cv/main.tex
(d:/Documents/GitRepos/ApplyCraft/latex/cv/main.tex
LaTeX2e <2026-06-01>
L3 programming layer <2026-05-26>
(C:\Users\htama\AppData\Roaming\MiKTeX\tex/latex/latex-lab\documentmetadata-support.ltx (C:\Users\htama\AppData\Roaming\MiKTeX\tex/latex/pdfmanagement\pdfmanagement-init.sty
Package: pdfmanagement-init 2026-05-26 v0.97c LaTeX PDF management bundle
 (C:\Users\htama\AppData\Roaming\MiKTeX\tex/latex/tagpdf\tagpdf-base.sty
Package: tagpdf-base 2026-05-17 v1.0c part of tagpdf - provide base, no-op versions of the user commands 
\c@g__tag_MCID_abs_int=\count276
\c@g__tag_struct_abs_int=\count277
) (C:\Users\htama\AppData\Roaming\MiKTeX\tex/latex/pdfmanagement\pdfmanagement.ltx
File: pdfmanagement.ltx 2026-05-26 v0.97c PDF management code
\g__pdfmanagement_EmbeddedFiles_int=\count278
\l__pdfmeta_xmp_indent_int=\count279
\g_pdffile_embed_pdfa_int=\count280
\g_pdffile_embed_nonpdfa_int=\count281
\l_pdfoutline_open_int=\count282
\g__pdfoutline_id_int=\count283
\g__pdfoutline_current_level_int=\count284
))) (C:\Program Files\MiKTeX\tex/latex/l3backend\l3backend-pdftex.def
File: l3backend-pdftex.def 2026-02-18 L3 backend support: PDF output (pdfTeX)
\l__color_backend_stack_int=\count285
) (C:\Users\htama\AppData\Roaming\MiKTeX\tex/latex/pdfmanagement\l3backend-testphase-pdftex.def
File: l3backend-pdf-pdftex.def 2026-05-26 v0.97c LaTeX PDF management bundle backend support: PDF output (pdfTeX)
\l__pdf_backend_tmpa_box=\box53
\l__pdf_backend_tmpb_box=\box54
\g__pdf_backend_resourceid_int=\count286
\g__pdf_backend_name_int=\count287
\g__pdf_backend_page_int=\count288
) (C:\Users\htama\AppData\Roaming\MiKTeX\tex/latex/latex-lab\latex-lab-testphase-latest.sty
Package: latex-lab-testphase-latest 2026-05-02 v0.1g latex-lab modules
 (C:\Users\htama\AppData\Roaming\MiKTeX\tex/latex/tagpdf\tagpdf.sty
Package: tagpdf 2026-05-17 v1.0c  LaTeX kernel code for PDF tagging 
\l__tag_tmpa_int=\count289
\l__tag_tmpa_box=\box55
\l__tag_tmpb_box=\box56
\l__tag_loglevel_int=\count290
\g__tag_unique_cnt_int=\count291
\l__tag_tag_stop_int=\count292
 (C:\Users\htama\AppData\Roaming\MiKTeX\tex/latex/tagpdf\tagpdf-mc-code-generic.sty
Package: tagpdf-mc-code-generic 2026-05-17 v1.0c part of tagpdf - code related to marking chunks - generic mode
\g__tag_mc_marks=\marks4
)
\g__tag_tree_id_pad_int=\count293
\c@g__tag_parenttree_obj_int=\count294

Package tagpdf Info: reading namespace definitions tagpdf-ns-pdf.def


Package tagpdf Info: reading namespace definitions tagpdf-ns-pdf2.def


Package tagpdf Info: reading namespace definitions tagpdf-ns-mathml.def


Package tagpdf Info: reading namespace definitions tagpdf-ns-latex-book.def


Package tagpdf Info: reading namespace definitions tagpdf-ns-latex.def


Package tagpdf Info: reading namespace definitions tagpdf-ns-latex-lab.def


Package tagpdf Info: reading namespace definitions tagpdf-ns-pdf.def


Package tagpdf Info: reading namespace definitions tagpdf-ns-pdf2.def

\g__tag_struct_AFobj_int=\count295
\g__tag_para_begin_int=\count296
\g__tag_para_end_int=\count297
\g__tag_para_main_begin_int=\count298
\g__tag_para_main_end_int=\count299
) (C:\Users\htama\AppData\Roaming\MiKTeX\tex/latex/latex-lab\latex-lab-testphase-names.sty
Package: latex-lab-testphase-names 2026-04-28 v0.8k Code related to the names of tags
) (C:\Users\htama\AppData\Roaming\MiKTeX\tex/latex/latex-lab\latex-lab-testphase-new-or-2.sty
Package: latex-lab-testphase-new-or-2 2026-01-16 v0.86d Changes to the output routine
 (C:\Users\htama\AppData\Roaming\MiKTeX\tex/latex/latex-lab\latex-lab-footnotes.ltx
File: latex-lab-footnotes.ltx 2026-04-28 v0.8p changes to the footnote interfaces
\footnotemargin=\dimen150
\g_fnote_id_int=\count300
)) (C:\Users\htama\AppData\Roaming\MiKTeX\tex/latex/latex-lab\latex-lab-testphase-block.sty
Package: latex-lab-testphase-block 2026-06-10 v1.0c blockenv implementation

LaTeX template Info: Declaring template type 'blockenv' taking 4 argument(s)
(template)           on line 195.


LaTeX template Info: Declaring template type 'list' taking 4 argument(s) on
(template)           line 196.


LaTeX template Info: Declaring template type 'captionedtext' taking 4
(template)           argument(s) on line 197.


LaTeX template Info: Declaring template type 'thmstyle' taking 4 argument(s)
(template)           on line 198.


LaTeX template Info: Declaring template type 'block' taking 1 argument(s) on
(template)           line 199.


LaTeX template Info: Declaring template type 'item' taking 1 argument(s) on
(template)           line 200.


LaTeX template Info: Declaring template type 'para' taking 1 argument(s) on
(template)           line 201.

\c@maxblocklevels=\count301
\l_para_begin_skip=\skip49
\l__block_unchained_skip=\skip50
\l__block_botsep_skip=\skip51
\l__block_parbotsep_skip=\skip52
\l__block_parindent_dim=\dimen151
\l__block_counter_start_int=\count302
\l__block_one_label_box=\box57
\g__block_labels_box=\box58
\l__block_tmpa_skip=\skip53
\l__block_effective_top_skip=\skip54
\l__block_effective_bot_skip=\skip55
\l__block_caption_before_skip=\skip56
\l__block_caption_after_skip=\skip57

LaTeX template Info: Declaring instance 'flushleft' of type blockenv on line
(template)           1489.


LaTeX template Info: Declaring instance 'flushright' of type blockenv on line
(template)           1493.

\@descriptiondepth=\count303

LaTeX template Info: Declaring instance 'remark' of type thmstyle on line
(template)           1791.


LaTeX template Info: Declaring instance 'definition' of type thmstyle on line
(template)           1796.


LaTeX template Info: Declaring instance 'legacy2e' of type thmstyle on line
(template)           1798.

LaTeX Info: Redefining \centering on input line 1894.
LaTeX Info: Redefining \raggedleft on input line 1895.
LaTeX Info: Redefining \raggedright on input line 1896.
LaTeX Info: Redefining \qed on input line 2238.
 (C:\Users\htama\AppData\Roaming\MiKTeX\tex/latex/latex-lab\latex-lab-enumitem.sty
Package: latex-lab-enumitem 2026-04-21 v0.80f Emulating enumitem
)) (C:\Users\htama\AppData\Roaming\MiKTeX\tex/latex/latex-lab\latex-lab-testphase-context.sty
Package: latex-lab-testphase-context 2026-05-26 v0.6a Providing context for instance, etc.
) (C:\Users\htama\AppData\Roaming\MiKTeX\tex/latex/latex-lab\latex-lab-kernel-changes.sty
Package: latex-lab-kernel-changes 2026-04-27 v0.85j General kernel and class changes
) (C:\Users\htama\AppData\Roaming\MiKTeX\tex/latex/latex-lab\latex-lab-testphase-sec.sty
Package: latex-lab-testphase-sec 2026-04-28 v0.84o Code related to the tagging of heading commands
) (C:\Users\htama\AppData\Roaming\MiKTeX\tex/latex/latex-lab\latex-lab-testphase-sec-template.sty
Package: latex-lab-testphase-sec-template 2026-05-25 v0.9g heading implementation

LaTeX template Info: Declaring template type 'heading' taking 9 argument(s) on
(template)           line 177.


LaTeX template Info: Declaring template type 'headformat' taking 6 argument(s)
(template)           on line 178.

\l__head_level_int=\count304
\l__head_before_skip=\skip58
\l__head_penalty_int=\count305
\l__head_after_penalty_skip=\skip59
\l__head_after_skip=\skip60
\l__head_heading_indent_dim=\dimen152
) (C:\Users\htama\AppData\Roaming\MiKTeX\tex/latex/latex-lab\latex-lab-testphase-toc.sty
Package: latex-lab-testphase-toc 2026-04-28 v0.85k  Code related to the tagging of toc-like lists
\g__tag_toc_level_int=\count306
) (C:\Users\htama\AppData\Roaming\MiKTeX\tex/latex/latex-lab\latex-lab-testphase-minipage.sty
Package: latex-lab-testphase-minipage 2026-04-24 v0.81k Code related to the tagging of minipages and parboxes
) (C:\Users\htama\AppData\Roaming\MiKTeX\tex/latex/latex-lab\latex-lab-testphase-graphic.sty
Package: latex-lab-testphase-graphic 2026-04-28 v0.80i Code related to the tagging of graphics
\g__tag_graphic_int=\count307
) (C:\Users\htama\AppData\Roaming\MiKTeX\tex/latex/latex-lab\latex-lab-testphase-float.sty
Package: latex-lab-testphase-float 2026-04-24 v0.81n Code related to the tagging of floats
\g__tag_float_int=\count308
) (C:\Users\htama\AppData\Roaming\MiKTeX\tex/latex/latex-lab\latex-lab-testphase-bib.sty
Package: latex-lab-testphase-bib 2026-05-28 v0.81f Code related to the tagging of bibliography and cite command
) (C:\Users\htama\AppData\Roaming\MiKTeX\tex/latex/latex-lab\latex-lab-testphase-text.sty
Package: latex-lab-testphase-text 2026-04-27 v0.85g Code related to the tagging of various small text commands
LaTeX Info: Redefining \mbox on input line 108.
) (C:\Users\htama\AppData\Roaming\MiKTeX\tex/latex/latex-lab\latex-lab-testphase-marginpar.sty
Package: latex-lab-testphase-marginpar 2026-04-24 v0.85i Changes related to the tagging of the margin notes
\g__kernel_marginpar_int=\count309
) (C:\Users\htama\AppData\Roaming\MiKTeX\tex/latex/latex-lab\latex-lab-testphase-title.sty
Package: latex-lab-testphase-title 2026-05-27 v0.85g Changes related to the tagging of the title
) (C:\Users\htama\AppData\Roaming\MiKTeX\tex/latex/latex-lab\latex-lab-testphase-table.sty
Package: latex-lab-testphase-table 2026-04-28 v0.85t Code related to the tagging of tables
 (C:\Program Files\MiKTeX\tex/latex/tools\array.sty
Package: array 2026/02/24 v2.7b Tabular extension package (FMi)
\col@sep=\dimen153
\ar@mcellbox=\box59
\extrarowheight=\dimen154
\NC@list=\toks17
\extratabsurround=\skip61
\backup@length=\skip62
\ar@cellbox=\box60
)) (C:\Users\htama\AppData\Roaming\MiKTeX\tex/latex/latex-lab\latex-lab-testphase-math.sty
Package: latex-lab-testphase-math 2025-03-10 v0.8d code related to the math tagging
 (C:\Users\htama\AppData\Roaming\MiKTeX\tex/latex/latex-lab\latex-lab-math.ltx
File: latex-lab-math.ltx 2026-05-27 v0.7e Grab all the math(s) and tag it
\l__math_tmpa_skip=\skip63
\g__math_mathml_total_int=\count310
\g__math_mathml_int=\count311
\g__math_math_total_int=\count312
\g__math_mathml_AF_found_int=\count313
\g__math_mathml_AF_attached_int=\count314
\l__math_tmpa_box=\box61
\l__math_mathstyle_int=\count315
\g__math_mathchoice_int=\count316
\l__math_grab_env_int=\count317
\g__math_postdisplaypenalty_int=\count318
) (C:\Users\htama\AppData\Roaming\MiKTeX\tex/latex/latex-lab\latex-lab-mathpkg.ltx
File: latex-lab-mathpkg.ltx 2026-05-11 v0.1e mathpkg adaptions
) (C:\Users\htama\AppData\Roaming\MiKTeX\tex/latex/latex-lab\latex-lab-mathintent.ltx
File: latex-lab-mathintent.ltx 2026-01-16 v0.1c MathML intent attributes
)) (C:\Users\htama\AppData\Roaming\MiKTeX\tex/latex/latex-lab\latex-lab-testphase-firstaid.sty
Package: latex-lab-testphase-firstaid 2026-06-08 v0.85x Temporary patches to external packages needed for the tagging project
) (C:\Users\htama\AppData\Roaming\MiKTeX\tex/latex/latex-lab\latex-lab-testphase-tikz.sty
Package: latex-lab-testphase-tikz 2026-05-12 v0.80i Code related to the tagging of tikz pictures
)) (C:\Users\htama\AppData\Roaming\MiKTeX\tex/latex/pdfmanagement\pdfmanagement-firstaid.sty
Package: pdfmanagement-firstaid 2026-05-26 v0.97c LaTeX PDF management bundle / firstaid-patches

Package pdfmanagement Info: loading pdfmanagement firstaid code for pgf

) (C:\Program Files\MiKTeX\tex/latex/base\article.cls
Document Class: article 2025/01/22 v1.4n Standard LaTeX document class
(C:\Program Files\MiKTeX\tex/latex/base\size11.clo
File: size11.clo 2025/01/22 v1.4n Standard LaTeX file (size option)
)
\c@part=\count319
\c@section=\count320
\c@subsection=\count321
\c@subsubsection=\count322
\c@paragraph=\count323
\c@subparagraph=\count324
\c@figure=\count325
\c@table=\count326
\abovecaptionskip=\skip64
\belowcaptionskip=\skip65
\bibindent=\dimen155
)

LaTeX template Info: Declaring instance 'part' of type heading on line 32.


LaTeX template Info: Declaring instance 'part' of type headformat on line 32.

 (C:\Users\htama\AppData\Roaming\MiKTeX\tex/latex/geometry\geometry.sty
Package: geometry 2026/03/07 v6.0 Page Geometry
 (C:\Program Files\MiKTeX\tex/latex/graphics\keyval.sty
Package: keyval 2026-05-17 v1.15 key=value parser (DPC)
\KV@toks@=\toks18
) (C:\Program Files\MiKTeX\tex/generic/iftex\ifvtex.sty
Package: ifvtex 2019/10/25 v1.7 ifvtex legacy package. Use iftex instead.
 (C:\Program Files\MiKTeX\tex/generic/iftex\iftex.sty
Package: iftex 2024/12/12 v1.0g TeX engine tests
))
\Gm@cnth=\count327
\Gm@cntv=\count328
\c@Gm@tempcnt=\count329
\Gm@bindingoffset=\dimen156
\Gm@wd@mp=\dimen157
\Gm@odd@mp=\dimen158
\Gm@even@mp=\dimen159
\Gm@layoutwidth=\dimen160
\Gm@layoutheight=\dimen161
\Gm@layouthoffset=\dimen162
\Gm@layoutvoffset=\dimen163
\Gm@dimlist=\toks19
 (C:\Users\htama\AppData\Roaming\MiKTeX\tex/latex/geometry\geometry.cfg)) (C:\Program Files\MiKTeX\tex/latex/base\fix-cm.sty
Package: fix-cm 2020/11/24 v1.1t fixes to LaTeX
 (C:\Program Files\MiKTeX\tex/latex/base\ts1enc.def
File: ts1enc.def 2001/06/05 v3.0e (jk/car/fm) Standard LaTeX file
LaTeX Font Info:    Redeclaring font encoding TS1 on input line 47.
LaTeX Encoding Info:    Redeclaring text command \capitalcedilla (encoding TS1) on input line 49.
LaTeX Encoding Info:    Redeclaring text command \capitalogonek (encoding TS1) on input line 52.
LaTeX Encoding Info:    Redeclaring text command \capitalgrave (encoding TS1) on input line 55.
LaTeX Encoding Info:    Redeclaring text command \capitalacute (encoding TS1) on input line 56.
LaTeX Encoding Info:    Redeclaring text command \capitalcircumflex (encoding TS1) on input line 57.
LaTeX Encoding Info:    Redeclaring text command \capitaltilde (encoding TS1) on input line 58.
LaTeX Encoding Info:    Redeclaring text command \capitaldieresis (encoding TS1) on input line 59.
LaTeX Encoding Info:    Redeclaring text command \capitalhungarumlaut (encoding TS1) on input line 60.
LaTeX Encoding Info:    Redeclaring text command \capitalring (encoding TS1) on input line 61.
LaTeX Encoding Info:    Redeclaring text command \capitalcaron (encoding TS1) on input line 62.
LaTeX Encoding Info:    Redeclaring text command \capitalbreve (encoding TS1) on input line 63.
LaTeX Encoding Info:    Redeclaring text command \capitalmacron (encoding TS1) on input line 64.
LaTeX Encoding Info:    Redeclaring text command \capitaldotaccent (encoding TS1) on input line 65.
LaTeX Encoding Info:    Redeclaring text command \t (encoding TS1) on input line 66.
LaTeX Encoding Info:    Redeclaring text command \capitaltie (encoding TS1) on input line 67.
LaTeX Encoding Info:    Redeclaring text command \newtie (encoding TS1) on input line 68.
LaTeX Encoding Info:    Redeclaring text command \capitalnewtie (encoding TS1) on input line 69.
LaTeX Encoding Info:    Redeclaring text symbol \textcapitalcompwordmark (encoding TS1) on input line 70.
LaTeX Encoding Info:    Redeclaring text symbol \textascendercompwordmark (encoding TS1) on input line 71.
LaTeX Encoding Info:    Redeclaring text symbol \textquotestraightbase (encoding TS1) on input line 72.
LaTeX Encoding Info:    Redeclaring text symbol \textquotestraightdblbase (encoding TS1) on input line 73.
LaTeX Encoding Info:    Redeclaring text symbol \texttwelveudash (encoding TS1) on input line 74.
LaTeX Encoding Info:    Redeclaring text symbol \textthreequartersemdash (encoding TS1) on input line 75.
LaTeX Encoding Info:    Redeclaring text symbol \textleftarrow (encoding TS1) on input line 76.
LaTeX Encoding Info:    Redeclaring text symbol \textrightarrow (encoding TS1) on input line 77.
LaTeX Encoding Info:    Redeclaring text symbol \textblank (encoding TS1) on input line 78.
LaTeX Encoding Info:    Redeclaring text symbol \textdollar (encoding TS1) on input line 79.
LaTeX Encoding Info:    Redeclaring text symbol \textquotesingle (encoding TS1) on input line 80.
LaTeX Encoding Info:    Redeclaring text command \textasteriskcentered (encoding TS1) on input line 81.
LaTeX Encoding Info:    Redeclaring text symbol \textdblhyphen (encoding TS1) on input line 92.
LaTeX Encoding Info:    Redeclaring text symbol \textfractionsolidus (encoding TS1) on input line 93.
LaTeX Encoding Info:    Redeclaring text symbol \textzerooldstyle (encoding TS1) on input line 94.
LaTeX Encoding Info:    Redeclaring text symbol \textoneoldstyle (encoding TS1) on input line 95.
LaTeX Encoding Info:    Redeclaring text symbol \texttwooldstyle (encoding TS1) on input line 96.
LaTeX Encoding Info:    Redeclaring text symbol \textthreeoldstyle (encoding TS1) on input line 97.
LaTeX Encoding Info:    Redeclaring text symbol \textfouroldstyle (encoding TS1) on input line 98.
LaTeX Encoding Info:    Redeclaring text symbol \textfiveoldstyle (encoding TS1) on input line 99.
LaTeX Encoding Info:    Redeclaring text symbol \textsixoldstyle (encoding TS1) on input line 100.
LaTeX Encoding Info:    Redeclaring text symbol \textsevenoldstyle (encoding TS1) on input line 101.
LaTeX Encoding Info:    Redeclaring text symbol \texteightoldstyle (encoding TS1) on input line 102.
LaTeX Encoding Info:    Redeclaring text symbol \textnineoldstyle (encoding TS1) on input line 103.
LaTeX Encoding Info:    Redeclaring text symbol \textlangle (encoding TS1) on input line 104.
LaTeX Encoding Info:    Redeclaring text symbol \textminus (encoding TS1) on input line 105.
LaTeX Encoding Info:    Redeclaring text symbol \textrangle (encoding TS1) on input line 106.
LaTeX Encoding Info:    Redeclaring text symbol \textmho (encoding TS1) on input line 107.
LaTeX Encoding Info:    Redeclaring text symbol \textbigcircle (encoding TS1) on input line 108.
LaTeX Encoding Info:    Redeclaring text command \textcircled (encoding TS1) on input line 109.
LaTeX Encoding Info:    Redeclaring text symbol \textohm (encoding TS1) on input line 115.
LaTeX Encoding Info:    Redeclaring text symbol \textlbrackdbl (encoding TS1) on input line 116.
LaTeX Encoding Info:    Redeclaring text symbol \textrbrackdbl (encoding TS1) on input line 117.
LaTeX Encoding Info:    Redeclaring text symbol \textuparrow (encoding TS1) on input line 118.
LaTeX Encoding Info:    Redeclaring text symbol \textdownarrow (encoding TS1) on input line 119.
LaTeX Encoding Info:    Redeclaring text symbol \textasciigrave (encoding TS1) on input line 120.
LaTeX Encoding Info:    Redeclaring text symbol \textborn (encoding TS1) on input line 121.
LaTeX Encoding Info:    Redeclaring text symbol \textdivorced (encoding TS1) on input line 122.
LaTeX Encoding Info:    Redeclaring text symbol \textdied (encoding TS1) on input line 123.
LaTeX Encoding Info:    Redeclaring text symbol \textleaf (encoding TS1) on input line 124.
LaTeX Encoding Info:    Redeclaring text symbol \textmarried (encoding TS1) on input line 125.
LaTeX Encoding Info:    Redeclaring text symbol \textmusicalnote (encoding TS1) on input line 126.
LaTeX Encoding Info:    Redeclaring text symbol \texttildelow (encoding TS1) on input line 127.
LaTeX Encoding Info:    Redeclaring text symbol \textdblhyphenchar (encoding TS1) on input line 128.
LaTeX Encoding Info:    Redeclaring text symbol \textasciibreve (encoding TS1) on input line 129.
LaTeX Encoding Info:    Redeclaring text symbol \textasciicaron (encoding TS1) on input line 130.
LaTeX Encoding Info:    Redeclaring text symbol \textacutedbl (encoding TS1) on input line 131.
LaTeX Encoding Info:    Redeclaring text symbol \textgravedbl (encoding TS1) on input line 132.
LaTeX Encoding Info:    Redeclaring text symbol \textdagger (encoding TS1) on input line 133.
LaTeX Encoding Info:    Redeclaring text symbol \textdaggerdbl (encoding TS1) on input line 134.
LaTeX Encoding Info:    Redeclaring text symbol \textbardbl (encoding TS1) on input line 135.
LaTeX Encoding Info:    Redeclaring text symbol \textperthousand (encoding TS1) on input line 136.
LaTeX Encoding Info:    Redeclaring text symbol \textbullet (encoding TS1) on input line 137.
LaTeX Encoding Info:    Redeclaring text symbol \textcelsius (encoding TS1) on input line 138.
LaTeX Encoding Info:    Redeclaring text symbol \textdollaroldstyle (encoding TS1) on input line 139.
LaTeX Encoding Info:    Redeclaring text symbol \textcentoldstyle (encoding TS1) on input line 140.
LaTeX Encoding Info:    Redeclaring text symbol \textflorin (encoding TS1) on input line 141.
LaTeX Encoding Info:    Redeclaring text symbol \textcolonmonetary (encoding TS1) on input line 142.
LaTeX Encoding Info:    Redeclaring text symbol \textwon (encoding TS1) on input line 143.
LaTeX Encoding Info:    Redeclaring text symbol \textnaira (encoding TS1) on input line 144.
LaTeX Encoding Info:    Redeclaring text symbol \textguarani (encoding TS1) on input line 145.
LaTeX Encoding Info:    Redeclaring text symbol \textpeso (encoding TS1) on input line 146.
LaTeX Encoding Info:    Redeclaring text symbol \textlira (encoding TS1) on input line 147.
LaTeX Encoding Info:    Redeclaring text symbol \textrecipe (encoding TS1) on input line 148.
LaTeX Encoding Info:    Redeclaring text symbol \textinterrobang (encoding TS1) on input line 149.
LaTeX Encoding Info:    Redeclaring text symbol \textinterrobangdown (encoding TS1) on input line 150.
LaTeX Encoding Info:    Redeclaring text symbol \textdong (encoding TS1) on input line 151.
LaTeX Encoding Info:    Redeclaring text symbol \texttrademark (encoding TS1) on input line 152.
LaTeX Encoding Info:    Redeclaring text symbol \textpertenthousand (encoding TS1) on input line 153.
LaTeX Encoding Info:    Redeclaring text symbol \textpilcrow (encoding TS1) on input line 154.
LaTeX Encoding Info:    Redeclaring text symbol \textbaht (encoding TS1) on input line 155.
LaTeX Encoding Info:    Redeclaring text symbol \textnumero (encoding TS1) on input line 156.
LaTeX Encoding Info:    Redeclaring text symbol \textdiscount (encoding TS1) on input line 157.
LaTeX Encoding Info:    Redeclaring text symbol \textestimated (encoding TS1) on input line 158.
LaTeX Encoding Info:    Redeclaring text symbol \textopenbullet (encoding TS1) on input line 159.
LaTeX Encoding Info:    Redeclaring text symbol \textservicemark (encoding TS1) on input line 160.
LaTeX Encoding Info:    Redeclaring text symbol \textlquill (encoding TS1) on input line 161.
LaTeX Encoding Info:    Redeclaring text symbol \textrquill (encoding TS1) on input line 162.
LaTeX Encoding Info:    Redeclaring text symbol \textcent (encoding TS1) on input line 163.
LaTeX Encoding Info:    Redeclaring text symbol \textsterling (encoding TS1) on input line 164.
LaTeX Encoding Info:    Redeclaring text symbol \textcurrency (encoding TS1) on input line 165.
LaTeX Encoding Info:    Redeclaring text symbol \textyen (encoding TS1) on input line 166.
LaTeX Encoding Info:    Redeclaring text symbol \textbrokenbar (encoding TS1) on input line 167.
LaTeX Encoding Info:    Redeclaring text symbol \textsection (encoding TS1) on input line 168.
LaTeX Encoding Info:    Redeclaring text symbol \textasciidieresis (encoding TS1) on input line 169.
LaTeX Encoding Info:    Redeclaring text symbol \textcopyright (encoding TS1) on input line 170.
LaTeX Encoding Info:    Redeclaring text symbol \textordfeminine (encoding TS1) on input line 171.
LaTeX Encoding Info:    Redeclaring text symbol \textcopyleft (encoding TS1) on input line 172.
LaTeX Encoding Info:    Redeclaring text symbol \textlnot (encoding TS1) on input line 173.
LaTeX Encoding Info:    Redeclaring text symbol \textcircledP (encoding TS1) on input line 174.
LaTeX Encoding Info:    Redeclaring text symbol \textregistered (encoding TS1) on input line 175.
LaTeX Encoding Info:    Redeclaring text symbol \textasciimacron (encoding TS1) on input line 176.
LaTeX Encoding Info:    Redeclaring text symbol \textdegree (encoding TS1) on input line 177.
LaTeX Encoding Info:    Redeclaring text symbol \textpm (encoding TS1) on input line 178.
LaTeX Encoding Info:    Redeclaring text symbol \texttwosuperior (encoding TS1) on input line 179.
LaTeX Encoding Info:    Redeclaring text symbol \textthreesuperior (encoding TS1) on input line 180.
LaTeX Encoding Info:    Redeclaring text symbol \textasciiacute (encoding TS1) on input line 181.
LaTeX Encoding Info:    Redeclaring text symbol \textmu (encoding TS1) on input line 182.
LaTeX Encoding Info:    Redeclaring text symbol \textparagraph (encoding TS1) on input line 183.
LaTeX Encoding Info:    Redeclaring text symbol \textperiodcentered (encoding TS1) on input line 184.
LaTeX Encoding Info:    Redeclaring text symbol \textreferencemark (encoding TS1) on input line 185.
LaTeX Encoding Info:    Redeclaring text symbol \textonesuperior (encoding TS1) on input line 186.
LaTeX Encoding Info:    Redeclaring text symbol \textordmasculine (encoding TS1) on input line 187.
LaTeX Encoding Info:    Redeclaring text symbol \textsurd (encoding TS1) on input line 188.
LaTeX Encoding Info:    Redeclaring text symbol \textonequarter (encoding TS1) on input line 189.
LaTeX Encoding Info:    Redeclaring text symbol \textonehalf (encoding TS1) on input line 190.
LaTeX Encoding Info:    Redeclaring text symbol \textthreequarters (encoding TS1) on input line 191.
LaTeX Encoding Info:    Redeclaring text symbol \texteuro (encoding TS1) on input line 192.
LaTeX Encoding Info:    Redeclaring text symbol \texttimes (encoding TS1) on input line 193.
LaTeX Encoding Info:    Redeclaring text symbol \textdiv (encoding TS1) on input line 194.
)) (C:\Program Files\MiKTeX\tex/latex/base\fontenc.sty
Package: fontenc 2025/07/18 v2.1d Standard LaTeX package
) (C:\Program Files\MiKTeX\tex/latex/base\inputenc.sty
Package: inputenc 2024/02/08 v1.3d Input encoding file
\inpenc@prehook=\toks20
\inpenc@posthook=\toks21
) (C:\Users\htama\AppData\Roaming\MiKTeX\tex/latex/noto\noto.sty
Package: noto 2022/09/11 (Bob Tennent) Supports Noto fonts for all LaTeX engines.
 (C:\Program Files\MiKTeX\tex/generic/iftex\ifxetex.sty
Package: ifxetex 2019/10/25 v0.7 ifxetex legacy package. Use iftex instead.
) (C:\Program Files\MiKTeX\tex/generic/iftex\ifluatex.sty
Package: ifluatex 2019/10/25 v1.5 ifluatex legacy package. Use iftex instead.
) (C:\Program Files\MiKTeX\tex/latex/xkeyval\xkeyval.sty
Package: xkeyval 2022/06/16 v2.9 package option processing (HA)
 (C:\Program Files\MiKTeX\tex/generic/xkeyval\xkeyval.tex (C:\Program Files\MiKTeX\tex/generic/xkeyval\xkvutils.tex
\XKV@toks=\toks22
\XKV@tempa@toks=\toks23
)
\XKV@depth=\count330
File: xkeyval.tex 2014/12/03 v2.7a key=value parser (HA)
)) (C:\Program Files\MiKTeX\tex/latex/base\textcomp.sty
Package: textcomp 2024/04/24 v2.1b Standard LaTeX package
) (C:\Program Files\MiKTeX\tex/latex/base\fontenc.sty
Package: fontenc 2025/07/18 v2.1d Standard LaTeX package
) (C:\Users\htama\AppData\Roaming\MiKTeX\tex/latex/fontaxes\fontaxes.sty
Package: fontaxes 2026-01-02 v2.0.2 Font selection axes (deprecated)
Applying: [2024-11-01] Use figureversions if present on input line 74.
 (C:\Users\htama\AppData\Roaming\MiKTeX\tex/latex/figureversions\figureversions.sty
Package: figureversions 2025-04-29 v1.0.1 Figure versions
)
Already applied: [0000-00-00] Fall back to v1 on input line 76.
)) (C:\Program Files\MiKTeX\tex/generic/pdftex\glyphtounicode.tex) (C:\Program Files\MiKTeX\tex/generic/babel\babel.sty
Package: babel 2026/05/20 v26.8 The multilingual framework for LuaLaTeX, pdfLaTeX and XeLaTeX
\babel@savecnt=\count331
LaTeX Encoding Info:    Redeclaring text command \ij (encoding OT1) on input line 2084.
LaTeX Encoding Info:    Redeclaring text command \IJ (encoding OT1) on input line 2086.
LaTeX Encoding Info:    Redeclaring text command \ij (encoding T1) on input line 2088.
LaTeX Encoding Info:    Redeclaring text command \IJ (encoding T1) on input line 2089.
LaTeX Encoding Info:    Ignoring declaration for text command \ij (encoding ?) on input line 2090.
LaTeX Encoding Info:    Ignoring declaration for text command \IJ (encoding ?) on input line 2092.
LaTeX Encoding Info:    Ignoring declaration for text command \SS (encoding ?) on input line 2117.
\U@D=\dimen164
\l@unhyphenated=\language79
 (C:\Program Files\MiKTeX\tex/generic/babel\txtbabel.def)
\bbl@readstream=\read2
\bbl@dirlevel=\count332
Package babel Info: Configuration files are deprecated, as
(babel)             they can break document portability.
(babel)             Reported on input line 4228.

*************************************
* Local config file bblopts.cfg used
*
(C:\Program Files\MiKTeX\tex/latex/arabi\bblopts.cfg
File: bblopts.cfg 2005/09/08 v0.1 add Arabic and Farsi to "declared" options of babel
) (C:\Program Files\MiKTeX\tex/generic/babel/locale/en\babel-english.tex) (C:\Program Files\MiKTeX\tex/generic/babel/locale/invalid\babel-ngerman.tex)
Package babel Info: Importing font and identification data for english
(babel)             from babel-en.ini. Reported on input line 4356.
 (C:\Program Files\MiKTeX\tex/latex/babel-english\english.ldf
Language: english 2017/06/06 v3.3r English support from the babel system
Package babel Info: Hyphen rules for 'canadian' set to \l@english
(babel)             (\language0). Reported on input line 102.
Package babel Info: Hyphen rules for 'australian' set to \l@ukenglish
(babel)             (\language73). Reported on input line 105.
Package babel Info: Hyphen rules for 'newzealand' set to \l@ukenglish
(babel)             (\language73). Reported on input line 108.
)
Package babel Info: Importing font and identification data for ngerman
(babel)             from babel-de.ini. Reported on input line 4356.
 (C:\Users\htama\AppData\Roaming\MiKTeX\tex/latex/babel-german\ngerman.ldf
Language: ngerman 
 (C:\Users\htama\AppData\Roaming\MiKTeX\tex/latex/babel-german\babel-german.def
Package babel Info: Making " an active character on input line 500.
))) (C:\Program Files\MiKTeX\tex/latex/xcolor\xcolor.sty
Package: xcolor 2024/09/29 v3.02 LaTeX color extensions (UK)
 (C:\Program Files\MiKTeX\tex/latex/graphics-cfg\color.cfg
File: color.cfg 2016/01/02 v1.6 sample color configuration
)
Package xcolor Info: Driver file: pdftex.def on input line 274.
 (C:\Program Files\MiKTeX\tex/latex/graphics-def\pdftex.def
File: pdftex.def 2025/09/29 v1.2d Graphics/color driver for pdftex
) (C:\Program Files\MiKTeX\tex/latex/graphics\mathcolor.ltx)
Package xcolor Info: Model `cmy' substituted by `cmy0' on input line 1349.
Package xcolor Info: Model `hsb' substituted by `rgb' on input line 1353.
Package xcolor Info: Model `RGB' extended on input line 1365.
Package xcolor Info: Model `HTML' substituted by `rgb' on input line 1367.
Package xcolor Info: Model `Hsb' substituted by `hsb' on input line 1368.
Package xcolor Info: Model `tHsb' substituted by `hsb' on input line 1369.
Package xcolor Info: Model `HSB' substituted by `hsb' on input line 1370.
Package xcolor Info: Model `Gray' substituted by `gray' on input line 1371.
Package xcolor Info: Model `wave' substituted by `hsb' on input line 1372.
) (C:\Users\htama\AppData\Roaming\MiKTeX\tex/latex/pdfmanagement\xcolor-patches-tmp-ltx.sty
Package: xcolor-patches-tmp-ltx 2026-05-26 v0.97c patch xcolor for l3color
) (C:\Program Files\MiKTeX\tex/latex/graphics\graphicx.sty
Package: graphicx 2026-05-17 v1.2e Enhanced LaTeX Graphics (DPC,SPQR)
 (C:\Program Files\MiKTeX\tex/latex/graphics\graphics.sty
Package: graphics 2026-05-17 v1.4h Standard LaTeX Graphics (DPC,SPQR)
 (C:\Program Files\MiKTeX\tex/latex/graphics\trig.sty
Package: trig 2023/12/02 v1.11 sin cos tan (DPC)
) (C:\Program Files\MiKTeX\tex/latex/graphics-cfg\graphics.cfg
File: graphics.cfg 2016/06/04 v1.11 sample graphics configuration
)
Package graphics Info: Driver file: pdftex.def on input line 106.
)
\Gin@req@height=\dimen165
\Gin@req@width=\dimen166
) (C:\Program Files\MiKTeX\tex/latex/tools\tabularx.sty
Package: tabularx 2023/12/11 v2.12a `tabularx' package (DPC)
\TX@col@width=\dimen167
\TX@old@table=\dimen168
\TX@old@col=\dimen169
\TX@target=\dimen170
\TX@delta=\dimen171
\TX@cols=\count333
\TX@ftn=\toks24
) (C:\Program Files\MiKTeX\tex/latex/etoolbox\etoolbox.sty
Package: etoolbox 2025/10/02 v2.5m e-TeX tools for LaTeX (JAW)
\etb@tempcnta=\count334
) (C:\Users\htama\AppData\Roaming\MiKTeX\tex/latex/needspace\needspace.sty
Package: needspace 2025/03/13 v1.3e reserve vertical space
) (C:\Users\htama\AppData\Roaming\MiKTeX\tex/latex/microtype\microtype.sty
Package: microtype 2026/03/01 v3.2d Micro-typographical refinements (RS)
\MT@toks=\toks25
\MT@tempbox=\box62
\MT@count=\count335
LaTeX Info: Redefining \noprotrusionifhmode on input line 1084.
LaTeX Info: Redefining \leftprotrusion on input line 1085.
\MT@prot@toks=\toks26
LaTeX Info: Redefining \rightprotrusion on input line 1104.
LaTeX Info: Redefining \textls on input line 1449.
\MT@outer@kern=\dimen172
LaTeX Info: Redefining \microtypecontext on input line 2053.
LaTeX Info: Redefining \textmicrotypecontext on input line 2070.
\MT@listname@count=\count336
 (C:\Users\htama\AppData\Roaming\MiKTeX\tex/latex/microtype\microtype-pdftex.def
File: microtype-pdftex.def 2026/03/01 v3.2d Definitions specific to pdftex (RS)
LaTeX Info: Redefining \lsstyle on input line 944.
LaTeX Info: Redefining \lslig on input line 944.
\MT@outer@space=\skip66
)
Package microtype Info: Loading configuration file microtype.cfg.
 (C:\Users\htama\AppData\Roaming\MiKTeX\tex/latex/microtype\microtype.cfg
File: microtype.cfg 2026/03/01 v3.2d microtype main configuration file (RS)
)
LaTeX Info: Redefining \microtypesetup on input line 3065.
) (C:\Program Files\MiKTeX\tex/latex/hyperref\hyperref.sty
Package: hyperref 2026-04-24 v7.01q Hypertext links for LaTeX
 (C:\Users\htama\AppData\Roaming\MiKTeX\tex/latex/kvsetkeys\kvsetkeys.sty
Package: kvsetkeys 2022-10-05 v1.19 Key value parser (HO)
) (C:\Users\htama\AppData\Roaming\MiKTeX\tex/generic/kvdefinekeys\kvdefinekeys.sty
Package: kvdefinekeys 2019-12-19 v1.6 Define keys (HO)
) (C:\Users\htama\AppData\Roaming\MiKTeX\tex/generic/pdfescape\pdfescape.sty
Package: pdfescape 2019/12/09 v1.15 Implements pdfTeX's escape features (HO)
 (C:\Users\htama\AppData\Roaming\MiKTeX\tex/generic/ltxcmds\ltxcmds.sty
Package: ltxcmds 2023-12-04 v1.26 LaTeX kernel commands for general use (HO)
) (C:\Program Files\MiKTeX\tex/generic/pdftexcmds\pdftexcmds.sty
Package: pdftexcmds 2020-06-27 v0.33 Utility functions of pdfTeX for LuaTeX (HO)
 (C:\Users\htama\AppData\Roaming\MiKTeX\tex/generic/infwarerr\infwarerr.sty
Package: infwarerr 2019/12/03 v1.5 Providing info/warning/error messages (HO)
)
Package pdftexcmds Info: \pdf@primitive is available.
Package pdftexcmds Info: \pdf@ifprimitive is available.
Package pdftexcmds Info: \pdfdraftmode found.
)) (C:\Users\htama\AppData\Roaming\MiKTeX\tex/latex/hycolor\hycolor.sty
Package: hycolor 2020-01-27 v1.10 Color options for hyperref/bookmark (HO)
) (C:\Program Files\MiKTeX\tex/latex/hyperref\nameref.sty
Package: nameref 2026-01-29 v2.58 Cross-referencing by name of section
 (C:\Users\htama\AppData\Roaming\MiKTeX\tex/latex/refcount\refcount.sty
Package: refcount 2019/12/15 v3.6 Data extraction from label references (HO)
) (C:\Users\htama\AppData\Roaming\MiKTeX\tex/generic/gettitlestring\gettitlestring.sty
Package: gettitlestring 2019/12/15 v1.6 Cleanup title references (HO)
 (C:\Users\htama\AppData\Roaming\MiKTeX\tex/latex/kvoptions\kvoptions.sty
Package: kvoptions 2022-06-15 v3.15 Key value format for package options (HO)
))
\c@section@level=\count337
) (C:\Users\htama\AppData\Roaming\MiKTeX\tex/generic/stringenc\stringenc.sty
Package: stringenc 2019/11/29 v1.12 Convert strings between diff. encodings (HO)
)
\@linkdim=\dimen173
\Hy@linkcounter=\count338
\Hy@pagecounter=\count339
 (C:\Program Files\MiKTeX\tex/latex/hyperref\pd1enc.def
File: pd1enc.def 2026-04-24 v7.01q Hyperref: PDFDocEncoding definition (HO)
Now handling font encoding PD1 ...
... no UTF-8 mapping file for font encoding PD1
) (C:\Users\htama\AppData\Roaming\MiKTeX\tex/generic/intcalc\intcalc.sty
Package: intcalc 2019/12/15 v1.3 Expandable calculations with integers (HO)
)
\Hy@SavedSpaceFactor=\count340
 (C:\Program Files\MiKTeX\tex/latex/hyperref\puenc.def
File: puenc.def 2026-04-24 v7.01q Hyperref: PDF Unicode definition (HO)
Now handling font encoding PU ...
... no UTF-8 mapping file for font encoding PU
)
Package hyperref Info: Option `unicode' set `true' on input line 4070.
Package hyperref Info: Hyper figures OFF on input line 4199.
Package hyperref Info: Link nesting OFF on input line 4204.
Package hyperref Info: Hyper index ON on input line 4207.
Package hyperref Info: Plain pages OFF on input line 4214.
Package hyperref Info: Backreferencing OFF on input line 4219.
Package hyperref Info: Implicit mode ON; LaTeX internals redefined.
Package hyperref Info: Bookmarks ON on input line 4466.
\c@Hy@tempcnt=\count341
 (C:\Program Files\MiKTeX\tex/latex/url\url.sty
\Urlmuskip=\muskip17
Package: url 2013/09/16  ver 3.4  Verb mode for urls, etc.
)
LaTeX Info: Redefining \url on input line 4805.
\XeTeXLinkMargin=\dimen174
 (C:\Users\htama\AppData\Roaming\MiKTeX\tex/generic/bitset\bitset.sty
Package: bitset 2019/12/09 v1.3 Handle bit-vector datatype (HO)
 (C:\Users\htama\AppData\Roaming\MiKTeX\tex/generic/bigintcalc\bigintcalc.sty
Package: bigintcalc 2019/12/15 v1.5 Expandable calculations on big integers (HO)
))
\Fld@menulength=\count342
\Field@Width=\dimen175
\Fld@charsize=\dimen176
Package hyperref Info: Hyper figures OFF on input line 6091.
Package hyperref Info: Link nesting OFF on input line 6096.
Package hyperref Info: Hyper index ON on input line 6099.
Package hyperref Info: backreferencing OFF on input line 6106.
Package hyperref Info: Link coloring OFF on input line 6111.
Package hyperref Info: Link coloring with OCG OFF on input line 6116.
Package hyperref Info: PDF/A mode OFF on input line 6121.
\Hy@abspage=\count343
\c@Item=\count344
)
Package hyperref Info: Driver (custom): hgeneric-testphase.
 (C:\Users\htama\AppData\Roaming\MiKTeX\tex/latex/pdfmanagement\hgeneric-testphase.def
File: hgeneric-testphase.def 2026-05-26 v0.97c generic Hyperref driver for the LaTeX PDF management bundle
 (C:\Users\htama\AppData\Roaming\MiKTeX\tex/latex/pdfmanagement\hyperref-colorschemes.def)
LaTeX Info: Redefining \href on input line 262.
LaTeX Info: Redefining \url on input line 348.
 (C:\Users\htama\AppData\Roaming\MiKTeX\tex/latex/bookmark\bookmark.sty
Package: bookmark 2026-05-21 v1.32 PDF bookmarks (HO)
 (C:\Users\htama\AppData\Roaming\MiKTeX\tex/latex/bookmark\bkm-pdftex.def
File: bkm-pdftex.def 2026-05-21 v1.32 bookmark driver for pdfTeX (HO)
\BKM@id=\count345
))
\l__hyp_tmpa_box=\box63
\l__hyp_tmpa_int=\count346
\l__hyp_dest_box=\box64
\g__hyp_linknestlevel_int=\count347
\HyAnn@Count=\count348
\Fld@listcount=\count349
\Hy@SectionHShift=\skip67
)
\CVDateColumnWidth=\skip68
\CVPhotoWidth=\skip69
\CVPhotoHeight=\skip70
\CVPersonalTextWidth=\skip71
\CVPersonalDataTextWidth=\skip72
 (C:\Program Files\MiKTeX\tex/latex/amsmath\amsmath.sty
Package: amsmath 2026/05/19 v2.18d AMS math features
\@mathmargin=\skip73

For additional information on amsmath, use the `?' option.
(C:\Program Files\MiKTeX\tex/latex/amsmath\amstext.sty
Package: amstext 2024/11/17 v2.01 AMS text
 (C:\Program Files\MiKTeX\tex/latex/amsmath\amsgen.sty
File: amsgen.sty 1999/11/30 v2.0 generic functions
\@emptytoks=\toks27
\ex@=\dimen177
)) (C:\Program Files\MiKTeX\tex/latex/amsmath\amsbsy.sty
Package: amsbsy 1999/11/29 v1.2d Bold Symbols
\pmbraise@=\dimen178
) (C:\Program Files\MiKTeX\tex/latex/amsmath\amsopn.sty
Package: amsopn 2022/04/08 v2.04 operator names
)
\inf@bad=\count350
LaTeX Info: Redefining \frac on input line 233.
\uproot@=\count351
\leftroot@=\count352
LaTeX Info: Redefining \overline on input line 398.
LaTeX Info: Redefining \colon on input line 409.
\classnum@=\count353
\DOTSCASE@=\count354
LaTeX Info: Redefining \ldots on input line 495.
LaTeX Info: Redefining \dots on input line 498.
LaTeX Info: Redefining \cdots on input line 619.
\Mathstrutbox@=\box65
\strutbox@=\box66
LaTeX Info: Redefining \big on input line 721.
LaTeX Info: Redefining \Big on input line 722.
LaTeX Info: Redefining \bigg on input line 723.
LaTeX Info: Redefining \Bigg on input line 724.
\big@size=\dimen179
LaTeX Font Info:    Redeclaring font encoding OML on input line 742.
LaTeX Font Info:    Redeclaring font encoding OMS on input line 743.
\macc@depth=\count355
LaTeX Info: Redefining \bmod on input line 904.
LaTeX Info: Redefining \pmod on input line 909.
LaTeX Info: Redefining \smash on input line 939.
LaTeX Info: Redefining \relbar on input line 969.
LaTeX Info: Redefining \Relbar on input line 970.
\c@MaxMatrixCols=\count356
\dotsspace@=\muskip18
\c@parentequation=\count357
\dspbrk@lvl=\count358
\tag@help=\toks28
\row@=\count359
\column@=\count360
\maxfields@=\count361
\andhelp@=\toks29
\eqnshift@=\dimen180
\alignsep@=\dimen181
\tagshift@=\dimen182
\tagwidth@=\dimen183
\totwidth@=\dimen184
\lineht@=\dimen185
\@envbody=\toks30
\multlinegap=\skip74
\multlinetaggap=\skip75
\mathdisplay@stack=\toks31
LaTeX Info: Redefining \[ on input line 2965.
LaTeX Info: Redefining \] on input line 2966.
) (C:\Users\htama\AppData\Roaming\MiKTeX\tex/latex/latex-lab\latex-lab-amsmath.ltx
File: latex-lab-amsmath.ltx 2026-04-25 v0.1j amsmath adaptions
LaTeX Info: Redefining \eqref on input line 58.
\l__luamml_struct_tmpa_int=\count362
)
LaTeX Font Info:    Trying to load font information for T1+NotoSans-TLF on input line 345.
 (C:\Users\htama\AppData\Roaming\MiKTeX\tex/latex/noto\t1notosans-tlf.fd
File: T1NotoSans-TLF.fd 2021/09/07 (autoinst) Font definitions for T1/NotoSans-TLF.
)
LaTeX Font Info:    Font shape `T1/NotoSans-TLF/m/n' will be
(Font)              scaled to size 10.95pt on input line 345.
 (main.aux
Package babel Info: 'ngerman' activates 'german' shorthands.
(babel)             Reported on input line 9.
)
\openout1 = `main.aux'.

LaTeX Font Info:    Checking defaults for OML/cmm/m/it on input line 345.
LaTeX Font Info:    ... okay on input line 345.
LaTeX Font Info:    Checking defaults for OMS/cmsy/m/n on input line 345.
LaTeX Font Info:    ... okay on input line 345.
LaTeX Font Info:    Checking defaults for OT1/cmr/m/n on input line 345.
LaTeX Font Info:    ... okay on input line 345.
LaTeX Font Info:    Checking defaults for T1/cmr/m/n on input line 345.
LaTeX Font Info:    ... okay on input line 345.
LaTeX Font Info:    Checking defaults for TS1/cmr/m/n on input line 345.
LaTeX Font Info:    ... okay on input line 345.
LaTeX Font Info:    Checking defaults for OMX/cmex/m/n on input line 345.
LaTeX Font Info:    ... okay on input line 345.
LaTeX Font Info:    Checking defaults for U/cmr/m/n on input line 345.
LaTeX Font Info:    ... okay on input line 345.
LaTeX Font Info:    Checking defaults for PD1/pdf/m/n on input line 345.
LaTeX Font Info:    ... okay on input line 345.
LaTeX Font Info:    Checking defaults for PU/pdf/m/n on input line 345.
LaTeX Font Info:    ... okay on input line 345.

Info: mathml file main-mathml does not exist
Info: mathml file main-luamml-mathml does not exist
*geometry* driver: auto-detecting
*geometry* detected driver: pdftex
*geometry* verbose mode - [ preamble ] result:
* driver: pdftex
* paper: a4paper
* layout: <same size as paper>
* layoutoffset:(h,v)=(0.0pt,0.0pt)
* modes: 
* h-part:(L,W,R)=(71.21611pt, 455.17595pt, 71.11581pt)
* v-part:(T,H,B)=(79.09558pt, 700.70738pt, 65.24388pt)
* \paperwidth=597.50787pt
* \paperheight=845.04684pt
* \textwidth=455.17595pt
* \textheight=700.70738pt
* \oddsidemargin=-1.05388pt
* \evensidemargin=-1.05388pt
* \topmargin=-30.17441pt
* \headheight=12.0pt
* \headsep=25.0pt
* \topskip=11.0pt
* \footskip=30.0pt
* \marginparwidth=50.0pt
* \marginparsep=10.0pt
* \columnsep=10.0pt
* \skip\footins=10.0pt plus 4.0pt minus 2.0pt
* \hoffset=0.0pt
* \voffset=0.0pt
* \mag=1000
* \@twocolumnfalse
* \@twosidefalse
* \@mparswitchfalse
* \@reversemarginfalse
* (1in=72.27pt=25.4mm, 1cm=28.453pt)

\c@mv@tabular=\count363
\c@mv@boldtabular=\count364
(C:\Program Files\MiKTeX\tex/context/base/mkii\supp-pdf.mkii
[Loading MPS to PDF converter (version 2006.09.02).]
\scratchcounter=\count365
\scratchdimen=\dimen186
\scratchbox=\box67
\nofMPsegments=\count366
\nofMParguments=\count367
\everyMPshowfont=\toks32
\MPscratchCnt=\count368
\MPscratchDim=\dimen187
\MPnumerator=\count369
\makeMPintoPDFobject=\count370
\everyMPtoPDFconversion=\toks33
) (C:\Program Files\MiKTeX\tex/latex/epstopdf-pkg\epstopdf-base.sty
Package: epstopdf-base 2020-01-24 v2.11 Base part for package epstopdf
 (C:\Users\htama\AppData\Roaming\MiKTeX\tex/latex/grfext\grfext.sty
Package: grfext 2019/12/03 v1.3 Manage graphics extensions (HO)
)
Package epstopdf-base Info: Redefining graphics rule for `.eps' on input line 485.
Package grfext Info: Graphics extension search list:
(grfext)             [.pdf,.png,.jpg,.mps,.jpeg,.jbig2,.jb2,.PDF,.PNG,.JPG,.JPEG,.JBIG2,.JB2,.eps]
(grfext)             \AppendGraphicsExtensions on input line 504.
 (C:\Program Files\MiKTeX\tex/latex/00miktex\epstopdf-sys.cfg
File: epstopdf-sys.cfg 2021/03/18 v2.0 Configuration of epstopdf for MiKTeX
))
LaTeX Info: Redefining \microtypecontext on input line 345.
Package microtype Info: Applying patch `item' on input line 345.
Package microtype Info: Applying patch `toc' on input line 345.
Package microtype Info: Applying patch `eqnum' on input line 345.
Package microtype Info: Applying patch `verbatim' on input line 345.
LaTeX Info: Redefining \microtypesetup on input line 345.
Package microtype Info: Generating PDF output.
Package microtype Info: Character protrusion enabled (level 2).
Package microtype Info: Using default protrusion set `alltext'.
Package microtype Info: Automatic font expansion enabled (level 2),
(microtype)             stretch: 20, shrink: 20, step: 1, non-selected.
Package microtype Info: Using default expansion set `alltext-nott'.
Package microtype Info: Patching command `\showhyphens'.
Package microtype Info: No adjustment of tracking.
Package microtype Info: No adjustment of interword spacing.
Package microtype Info: No adjustment of character kerning.
Package microtype Info: Loading generic protrusion settings for font family
(microtype)             `NotoSans-TLF' (encoding: T1).
(microtype)             For optimal results, create family-specific settings.
(microtype)             See the microtype manual for details.
Package hyperref Info: Link coloring OFF on input line 345.
 (../../generated/generated_cv_content.tex
LaTeX Font Info:    Font shape `T1/NotoSans-TLF/m/n' will be
(Font)              scaled to size 14.05249pt on input line 2.
LaTeX Font Info:    Font shape `T1/NotoSans-TLF/b/n' will be
(Font)              scaled to size 14.05249pt on input line 2.
LaTeX Font Info:    Font shape `T1/NotoSans-TLF/m/n' will be
(Font)              scaled to size 11.04124pt on input line 10.
LaTeX Font Info:    Font shape `T1/NotoSans-TLF/b/n' will be
(Font)              scaled to size 11.04124pt on input line 10.
 (C:\Users\htama\AppData\Roaming\MiKTeX\tex/latex/microtype\mt-cmr.cfg)
<D:/Documents/GitRepos/ApplyCraft/application_databank/profile_photo.jpg, id=89, 99.61215pt x 128.03835pt>
File: D:/Documents/GitRepos/ApplyCraft/application_databank/profile_photo.jpg Graphic file (type jpg)
<use D:/Documents/GitRepos/ApplyCraft/application_databank/profile_photo.jpg>
Package pdftex.def Info: D:/Documents/GitRepos/ApplyCraft/application_databank/profile_photo.jpg  used on input line 10.
(pdftex.def)             Requested size: 113.81102pt x 146.29149pt.

Underfull \hbox (badness 1303) in paragraph at lines 20--20
[][][]\T1/NotoSans-TLF/m/n/11.04124 (+20) Supported validation-scope def-i-ni-tion, in-de-pen-dently
 []

[1

{C:/Users/htama/AppData/Local/MiKTeX/fonts/map/pdftex/pdftex.map}{C:/Users/htama/AppData/Roaming/MiKTeX/fonts/enc/dvips/noto/a_mz6bs5.enc} <D:/Documents/GitRepos/ApplyCraft/application_databank/profile_photo.jpg>] [2]
Underfull \hbox (badness 3884) in paragraph at lines 68--68
[][][]\T1/NotoSans-TLF/m/n/11.04124 (+20) M.Sc. Me-chan-i-cal En-gi-neer-ing, Tech-nis-che Uni-ver-sität
 []

[3] [4]
Underfull \hbox (badness 5592) in paragraph at lines 122--122
[][][]|\T1/NotoSans-TLF/m/n/11.04124 (+20) Programming & Au-toma-
 []

[5]
<D:/Documents/GitRepos/ApplyCraft/application_databank/signature.png, id=501, 208.52907pt x 67.0003pt>
File: D:/Documents/GitRepos/ApplyCraft/application_databank/signature.png Graphic file (type png)
<use D:/Documents/GitRepos/ApplyCraft/application_databank/signature.png>
Package pdftex.def Info: D:/Documents/GitRepos/ApplyCraft/application_databank/signature.png  used on input line 124.
(pdftex.def)             Requested size: 124.31656pt x 44.56587pt.
) [6 <D:/Documents/GitRepos/ApplyCraft/application_databank/signature.png>]<<latex-list-css.html>><<latex-align-css.html>> (main.aux)
 ***********
LaTeX2e <2026-06-01>
L3 programming layer <2026-05-26>
 ***********


Package tagpdf Info: Finalizing the tagging structure:
(tagpdf)             Writing out ~434 structure objects
(tagpdf)             with ~266 'MC' leaf nodes.
(tagpdf)             Be patient if there are lots of objects!

Package tagpdf Info: writing ParentTree
Package tagpdf Info: writing IDTree
Package tagpdf Info: writing RoleMap
Package tagpdf Info: writing ClassMap
Package tagpdf Info: writing NameSpaces
Package tagpdf Info: writing StructElems
Package tagpdf Info: writing Root
 ) 
Here is how much of TeX's memory you used:
 24441 strings out of 467509
 543909 string characters out of 5418889
 1230036 words of memory out of 5000000
 53241 multiletter control sequences out of 15000+600000
 678810 words of font info for 123 fonts, out of 8000000 for 9000
 1141 hyphenation exceptions out of 8191
 74i,11n,79p,1043b,1070s stack positions out of 10000i,1000n,20000p,200000b,200000s
<C:/Users/htama/AppData/Roaming/MiKTeX/fonts/type1/google/noto/NotoSans-Bold.pfb><C:/Users/htama/AppData/Roaming/MiKTeX/fonts/type1/google/noto/NotoSans-Regular.pfb><C:/Program Files/MiKTeX/fonts/type1/public/pdftex/pdftexspace.pfb>
Output written on main.pdf (6 pages, 379386 bytes).
PDF statistics:
 545 PDF objects out of 1000 (max. 8388607)
 14 named destinations out of 1000 (max. 500000)
 19799 words of extra memory for PDF output out of 20736 (max. 10000000)

