This is pdfTeX, Version 3.141592653-2.6-1.40.29 (MiKTeX 26.5) (preloaded format=pdflatex 2026.6.25)  25 AUG 2026 22:56
entering extended mode
 restricted \write18 enabled.
 file:line:error style messages enabled.
 %&-line parsing enabled.
**./main.tex
(main.tex
LaTeX2e <2026-06-01>
L3 programming layer <2026-05-26>
(../helper/common_commands.tex) (../src/content_CV.tex
(C:\Users\htama\AppData\Roaming\MiKTeX\tex/latex/latex-lab\documentmetadata-sup
port.ltx
(C:\Users\htama\AppData\Roaming\MiKTeX\tex/latex/pdfmanagement\pdfmanagement-in
it.sty
Package: pdfmanagement-init 2026-05-26 v0.97c LaTeX PDF management bundle
 (C:\Users\htama\AppData\Roaming\MiKTeX\tex/latex/tagpdf\tagpdf-base.sty
Package: tagpdf-base 2026-05-17 v1.0c part of tagpdf - provide base, no-op vers
ions of the user commands 
\c@g__tag_MCID_abs_int=\count276
\c@g__tag_struct_abs_int=\count277
)
(C:\Users\htama\AppData\Roaming\MiKTeX\tex/latex/pdfmanagement\pdfmanagement.lt
x
File: pdfmanagement.ltx 2026-05-26 v0.97c PDF management code
\g__pdfmanagement_EmbeddedFiles_int=\count278
\l__pdfmeta_xmp_indent_int=\count279
\g_pdffile_embed_pdfa_int=\count280
\g_pdffile_embed_nonpdfa_int=\count281
\l_pdfoutline_open_int=\count282
\g__pdfoutline_id_int=\count283
\g__pdfoutline_current_level_int=\count284
))) (C:\Program Files\MiKTeX\tex/latex/l3backend\l3backend-pdftex.def
File: l3backend-pdftex.def 2026-02-18 L3 backend support: PDF output (pdfTeX)
\l__color_backend_stack_int=\count285
)
(C:\Users\htama\AppData\Roaming\MiKTeX\tex/latex/pdfmanagement\l3backend-testph
ase-pdftex.def
File: l3backend-pdf-pdftex.def 2026-05-26 v0.97c LaTeX PDF management bundle ba
ckend support: PDF output (pdfTeX)
\l__pdf_backend_tmpa_box=\box53
\l__pdf_backend_tmpb_box=\box54
\g__pdf_backend_resourceid_int=\count286
\g__pdf_backend_name_int=\count287
\g__pdf_backend_page_int=\count288
)
(C:\Users\htama\AppData\Roaming\MiKTeX\tex/latex/latex-lab\latex-lab-testphase-
latest.sty
Package: latex-lab-testphase-latest 2026-05-02 v0.1g latex-lab modules
 (C:\Users\htama\AppData\Roaming\MiKTeX\tex/latex/tagpdf\tagpdf.sty
Package: tagpdf 2026-05-17 v1.0c  LaTeX kernel code for PDF tagging 
\l__tag_tmpa_int=\count289
\l__tag_tmpa_box=\box55
\l__tag_tmpb_box=\box56
\l__tag_loglevel_int=\count290
\g__tag_unique_cnt_int=\count291
\l__tag_tag_stop_int=\count292

(C:\Users\htama\AppData\Roaming\MiKTeX\tex/latex/tagpdf\tagpdf-mc-code-generic.
sty
Package: tagpdf-mc-code-generic 2026-05-17 v1.0c part of tagpdf - code related 
to marking chunks - generic mode
\g__tag_mc_marks=\marks4
)
\g__tag_tree_id_pad_int=\count293
\c@g__tag_parenttree_obj_int=\count294

Package tagpdf Info: reading namespace definitions tagpdf-ns-pdf.def


Package tagpdf Info: reading namespace definitions tagpdf-ns-pdf2.def


Package tagpdf Info: reading namespace definitions tagpdf-ns-mathml.def


Package tagpdf Info: reading namespace definitions tagpdf-ns-latex-book.def


Package tagpdf Info: reading namespace definitions tagpdf-ns-latex.def


Package tagpdf Info: reading namespace definitions tagpdf-ns-latex-lab.def


Package tagpdf Info: reading namespace definitions tagpdf-ns-pdf.def


Package tagpdf Info: reading namespace definitions tagpdf-ns-pdf2.def

\g__tag_struct_AFobj_int=\count295
\g__tag_para_begin_int=\count296
\g__tag_para_end_int=\count297
\g__tag_para_main_begin_int=\count298
\g__tag_para_main_end_int=\count299
)
(C:\Users\htama\AppData\Roaming\MiKTeX\tex/latex/latex-lab\latex-lab-testphase-
names.sty
Package: latex-lab-testphase-names 2026-04-28 v0.8k Code related to the names o
f tags
)
(C:\Users\htama\AppData\Roaming\MiKTeX\tex/latex/latex-lab\latex-lab-testphase-
new-or-2.sty
Package: latex-lab-testphase-new-or-2 2026-01-16 v0.86d Changes to the output r
outine

(C:\Users\htama\AppData\Roaming\MiKTeX\tex/latex/latex-lab\latex-lab-footnotes.
ltx
File: latex-lab-footnotes.ltx 2026-04-28 v0.8p changes to the footnote interfac
es
\footnotemargin=\dimen150
\g_fnote_id_int=\count300
))
(C:\Users\htama\AppData\Roaming\MiKTeX\tex/latex/latex-lab\latex-lab-testphase-
block.sty
Package: latex-lab-testphase-block 2026-06-10 v1.0c blockenv implementation

LaTeX template Info: Declaring template type 'blockenv' taking 4 argument(s)
(template)           on line 195.


LaTeX template Info: Declaring template type 'list' taking 4 argument(s) on
(template)           line 196.


LaTeX template Info: Declaring template type 'captionedtext' taking 4
(template)           argument(s) on line 197.


LaTeX template Info: Declaring template type 'thmstyle' taking 4 argument(s)
(template)           on line 198.


LaTeX template Info: Declaring template type 'block' taking 1 argument(s) on
(template)           line 199.


LaTeX template Info: Declaring template type 'item' taking 1 argument(s) on
(template)           line 200.


LaTeX template Info: Declaring template type 'para' taking 1 argument(s) on
(template)           line 201.

\c@maxblocklevels=\count301
\l_para_begin_skip=\skip49
\l__block_unchained_skip=\skip50
\l__block_botsep_skip=\skip51
\l__block_parbotsep_skip=\skip52
\l__block_parindent_dim=\dimen151
\l__block_counter_start_int=\count302
\l__block_one_label_box=\box57
\g__block_labels_box=\box58
\l__block_tmpa_skip=\skip53
\l__block_effective_top_skip=\skip54
\l__block_effective_bot_skip=\skip55
\l__block_caption_before_skip=\skip56
\l__block_caption_after_skip=\skip57

LaTeX template Info: Declaring instance 'flushleft' of type blockenv on line
(template)           1489.


LaTeX template Info: Declaring instance 'flushright' of type blockenv on line
(template)           1493.

\@descriptiondepth=\count303

LaTeX template Info: Declaring instance 'remark' of type thmstyle on line
(template)           1791.


LaTeX template Info: Declaring instance 'definition' of type thmstyle on line
(template)           1796.


LaTeX template Info: Declaring instance 'legacy2e' of type thmstyle on line
(template)           1798.

LaTeX Info: Redefining \centering on input line 1894.
LaTeX Info: Redefining \raggedleft on input line 1895.
LaTeX Info: Redefining \raggedright on input line 1896.
LaTeX Info: Redefining \qed on input line 2238.

(C:\Users\htama\AppData\Roaming\MiKTeX\tex/latex/latex-lab\latex-lab-enumitem.s
ty
Package: latex-lab-enumitem 2026-04-21 v0.80f Emulating enumitem
))
(C:\Users\htama\AppData\Roaming\MiKTeX\tex/latex/latex-lab\latex-lab-testphase-
context.sty
Package: latex-lab-testphase-context 2026-05-26 v0.6a Providing context for ins
tance, etc.
)
(C:\Users\htama\AppData\Roaming\MiKTeX\tex/latex/latex-lab\latex-lab-kernel-cha
nges.sty
Package: latex-lab-kernel-changes 2026-04-27 v0.85j General kernel and class ch
anges
)
(C:\Users\htama\AppData\Roaming\MiKTeX\tex/latex/latex-lab\latex-lab-testphase-
sec.sty
Package: latex-lab-testphase-sec 2026-04-28 v0.84o Code related to the tagging 
of heading commands
)
(C:\Users\htama\AppData\Roaming\MiKTeX\tex/latex/latex-lab\latex-lab-testphase-
sec-template.sty
Package: latex-lab-testphase-sec-template 2026-05-25 v0.9g heading implementati
on

LaTeX template Info: Declaring template type 'heading' taking 9 argument(s) on
(template)           line 177.


LaTeX template Info: Declaring template type 'headformat' taking 6 argument(s)
(template)           on line 178.

\l__head_level_int=\count304
\l__head_before_skip=\skip58
\l__head_penalty_int=\count305
\l__head_after_penalty_skip=\skip59
\l__head_after_skip=\skip60
\l__head_heading_indent_dim=\dimen152
)
(C:\Users\htama\AppData\Roaming\MiKTeX\tex/latex/latex-lab\latex-lab-testphase-
toc.sty
Package: latex-lab-testphase-toc 2026-04-28 v0.85k  Code related to the tagging
 of toc-like lists
\g__tag_toc_level_int=\count306
)
(C:\Users\htama\AppData\Roaming\MiKTeX\tex/latex/latex-lab\latex-lab-testphase-
minipage.sty
Package: latex-lab-testphase-minipage 2026-04-24 v0.81k Code related to the tag
ging of minipages and parboxes
)
(C:\Users\htama\AppData\Roaming\MiKTeX\tex/latex/latex-lab\latex-lab-testphase-
graphic.sty
Package: latex-lab-testphase-graphic 2026-04-28 v0.80i Code related to the tagg
ing of graphics
\g__tag_graphic_int=\count307
)
(C:\Users\htama\AppData\Roaming\MiKTeX\tex/latex/latex-lab\latex-lab-testphase-
float.sty
Package: latex-lab-testphase-float 2026-04-24 v0.81n Code related to the taggin
g of floats
\g__tag_float_int=\count308
)
(C:\Users\htama\AppData\Roaming\MiKTeX\tex/latex/latex-lab\latex-lab-testphase-
bib.sty
Package: latex-lab-testphase-bib 2026-05-28 v0.81f Code related to the tagging 
of bibliography and cite command
)
(C:\Users\htama\AppData\Roaming\MiKTeX\tex/latex/latex-lab\latex-lab-testphase-
text.sty
Package: latex-lab-testphase-text 2026-04-27 v0.85g Code related to the tagging
 of various small text commands
LaTeX Info: Redefining \mbox on input line 108.
)
(C:\Users\htama\AppData\Roaming\MiKTeX\tex/latex/latex-lab\latex-lab-testphase-
marginpar.sty
Package: latex-lab-testphase-marginpar 2026-04-24 v0.85i Changes related to the
 tagging of the margin notes
\g__kernel_marginpar_int=\count309
)
(C:\Users\htama\AppData\Roaming\MiKTeX\tex/latex/latex-lab\latex-lab-testphase-
title.sty
Package: latex-lab-testphase-title 2026-05-27 v0.85g Changes related to the tag
ging of the title
)
(C:\Users\htama\AppData\Roaming\MiKTeX\tex/latex/latex-lab\latex-lab-testphase-
table.sty
Package: latex-lab-testphase-table 2026-04-28 v0.85t Code related to the taggin
g of tables
 (C:\Program Files\MiKTeX\tex/latex/tools\array.sty
Package: array 2026/02/24 v2.7b Tabular extension package (FMi)
\col@sep=\dimen153
\ar@mcellbox=\box59
\extrarowheight=\dimen154
\NC@list=\toks17
\extratabsurround=\skip61
\backup@length=\skip62
\ar@cellbox=\box60
))
(C:\Users\htama\AppData\Roaming\MiKTeX\tex/latex/latex-lab\latex-lab-testphase-
math.sty
Package: latex-lab-testphase-math 2025-03-10 v0.8d code related to the math tag
ging

(C:\Users\htama\AppData\Roaming\MiKTeX\tex/latex/latex-lab\latex-lab-math.ltx
File: latex-lab-math.ltx 2026-05-27 v0.7e Grab all the math(s) and tag it
\l__math_tmpa_skip=\skip63
\g__math_mathml_total_int=\count310
\g__math_mathml_int=\count311
\g__math_math_total_int=\count312
\g__math_mathml_AF_found_int=\count313
\g__math_mathml_AF_attached_int=\count314
\l__math_tmpa_box=\box61
\l__math_mathstyle_int=\count315
\g__math_mathchoice_int=\count316
\l__math_grab_env_int=\count317
\g__math_postdisplaypenalty_int=\count318
)
(C:\Users\htama\AppData\Roaming\MiKTeX\tex/latex/latex-lab\latex-lab-mathpkg.lt
x
File: latex-lab-mathpkg.ltx 2026-05-11 v0.1e mathpkg adaptions
)
(C:\Users\htama\AppData\Roaming\MiKTeX\tex/latex/latex-lab\latex-lab-mathintent
.ltx
File: latex-lab-mathintent.ltx 2026-01-16 v0.1c MathML intent attributes
))
(C:\Users\htama\AppData\Roaming\MiKTeX\tex/latex/latex-lab\latex-lab-testphase-
firstaid.sty
Package: latex-lab-testphase-firstaid 2026-06-08 v0.85x Temporary patches to ex
ternal packages needed for the tagging project
)
(C:\Users\htama\AppData\Roaming\MiKTeX\tex/latex/latex-lab\latex-lab-testphase-
tikz.sty
Package: latex-lab-testphase-tikz 2026-05-12 v0.80i Code related to the tagging
 of tikz pictures
))
(C:\Users\htama\AppData\Roaming\MiKTeX\tex/latex/pdfmanagement\pdfmanagement-fi
rstaid.sty
Package: pdfmanagement-firstaid 2026-05-26 v0.97c LaTeX PDF management bundle /
 firstaid-patches

Package pdfmanagement Info: loading pdfmanagement firstaid code for pgf

)) (../helper/document_options.tex)
(C:\Users\htama\AppData\Roaming\MiKTeX\tex/latex/koma-script\scrlttr2.cls
Document Class: scrlttr2 2026/02/02 v3.49.2 KOMA-Script document class (letter)

(C:\Users\htama\AppData\Roaming\MiKTeX\tex/latex/koma-script\scrkbase.sty
Package: scrkbase 2026/02/02 v3.49.2 KOMA-Script package (KOMA-Script-dependent
 basics and keyval usage)

(C:\Users\htama\AppData\Roaming\MiKTeX\tex/latex/koma-script\scrbase.sty
Package: scrbase 2026/02/02 v3.49.2 KOMA-Script package (KOMA-Script-independen
t basics and keyval usage)

(C:\Users\htama\AppData\Roaming\MiKTeX\tex/latex/koma-script\scrlfile.sty
Package: scrlfile 2026/02/02 v3.49.2 KOMA-Script package (file load hooks)

(C:\Users\htama\AppData\Roaming\MiKTeX\tex/latex/koma-script\scrlfile-hook.sty
Package: scrlfile-hook 2026/02/02 v3.49.2 KOMA-Script package (using LaTeX hook
s)

(C:\Users\htama\AppData\Roaming\MiKTeX\tex/latex/koma-script\scrlogo.sty
Package: scrlogo 2026/02/02 v3.49.2 KOMA-Script package (logo)
)))
(C:\Program Files\MiKTeX\tex/latex/graphics\keyval.sty
Package: keyval 2026-05-17 v1.15 key=value parser (DPC)
\KV@toks@=\toks18
)
Applying: [2021/05/01] Usage of raw or classic option list on input line 254.
Already applied: [0000/00/00] Usage of raw or classic option list on input line
 370.
))

LaTeX Warning: Command \@footnotemark  has changed.
               Check if current package is valid.

Class scrlttr2 Info: Switching compatibility level to `last'.
Class scrlttr2 Info: File `scrsize10pt.clo' used to setup font sizes on input l
ine 2057.
(C:\Users\htama\AppData\Roaming\MiKTeX\tex/latex/koma-script\scrsize10pt.clo
File: scrsize10pt.clo 2026/02/02 v3.49.2 KOMA-Script font size class option (10
pt)
)
(C:\Users\htama\AppData\Roaming\MiKTeX\tex/latex/koma-script\typearea.sty
Package: typearea 2026/02/02 v3.49.2 KOMA-Script package (type area)
\ta@bcor=\skip64
\ta@div=\count319
Package typearea Info: Switching compatibility level to `last'.
\ta@hblk=\skip65
\ta@vblk=\skip66
\ta@temp=\skip67
\footheight=\skip68


Package typearea Warning: Bad type area settings!
(typearea)                The detected line width is about 43%
(typearea)                larger than the heuristically estimated maximum
(typearea)                limit of typographical good line width.
(typearea)                You should e.g. decrease DIV, increase fontsize
(typearea)                or change papersize.

Package typearea Info: These are the values describing the layout:
(typearea)             DIV  = 20
(typearea)             BCOR = 0.0pt
(typearea)             \paperwidth      = 597.50793pt
(typearea)              \textwidth      = 507.88174pt
(typearea)              DIV departure   = -43%
(typearea)              \evensidemargin = -27.4569pt
(typearea)              \oddsidemargin  = -27.4569pt
(typearea)             \paperheight     = 845.04694pt
(typearea)              \textheight     = 730.0pt
(typearea)              \topmargin      = -63.01765pt
(typearea)              \headheight     = 15.0pt
(typearea)              \headsep        = 18.0pt
(typearea)              \topskip        = 10.0pt
(typearea)              \footskip       = 42.0pt
(typearea)              \baselineskip   = 12.0pt
(typearea)              on input line 1810.
)
\c@letter=\count320
)
Class scrlttr2 Info: Letter-Class-Option `DIN' loaded on input line 16.
 (C:\Users\htama\AppData\Roaming\MiKTeX\tex/latex/koma-script\DIN.lco
File: DIN.lco 2026/02/02 v3.49.2 KOMA-Script letter-class-option
)
(../src/content_cover_letter.tex) (../src_personal/personal_data.tex)
(../helper/style.tex
(C:\Users\htama\AppData\Roaming\MiKTeX\tex/latex/sourcesans\sourcesanspro.sty
Package: sourcesanspro 2026/05/03 v3.1 Compatibility package for sourcesans

(C:\Program Files\MiKTeX\tex/generic/iftex\ifxetex.sty
Package: ifxetex 2019/10/25 v0.7 ifxetex legacy package. Use iftex instead.

(C:\Program Files\MiKTeX\tex/generic/iftex\iftex.sty
Package: iftex 2024/12/12 v1.0g TeX engine tests
))
(C:\Program Files\MiKTeX\tex/generic/iftex\ifluatex.sty
Package: ifluatex 2019/10/25 v1.5 ifluatex legacy package. Use iftex instead.
)
(C:\Program Files\MiKTeX\tex/latex/xkeyval\xkeyval.sty
Package: xkeyval 2022/06/16 v2.9 package option processing (HA)

(C:\Program Files\MiKTeX\tex/generic/xkeyval\xkeyval.tex
(C:\Program Files\MiKTeX\tex/generic/xkeyval\xkvutils.tex
\XKV@toks=\toks19
\XKV@tempa@toks=\toks20
)
\XKV@depth=\count321
File: xkeyval.tex 2014/12/03 v2.7a key=value parser (HA)
))

Package sourcesanspro Warning: This package has been replaced by `sourcesans'.

) (C:\Users\htama\AppData\Roaming\MiKTeX\tex/latex/sourcesans\sourcesans.sty
Package: sourcesans 2026/05/03 v3.1 Adobe's Source Sans typeface

(C:\Program Files\MiKTeX\tex/latex/base\fontenc.sty
Package: fontenc 2025/07/18 v2.1d Standard LaTeX package

(C:\Users\htama\AppData\Roaming\MiKTeX\tex/latex/ly1\ly1enc.def
File: ly1enc.def 2022/06/11 v0.8 TeX 'n ANSI encoding (DPC/KB)
Now handling font encoding LY1 ...
... processing UTF-8 mapping file for font encoding LY1

(C:\Program Files\MiKTeX\tex/latex/base\ly1enc.dfu
File: ly1enc.dfu 2022/06/07 v1.3c UTF-8 support
   defining Unicode char U+00A0 (decimal 160)
   defining Unicode char U+00A1 (decimal 161)
   defining Unicode char U+00A2 (decimal 162)
   defining Unicode char U+00A3 (decimal 163)
   defining Unicode char U+00A4 (decimal 164)
   defining Unicode char U+00A5 (decimal 165)
   defining Unicode char U+00A6 (decimal 166)
   defining Unicode char U+00A7 (decimal 167)
   defining Unicode char U+00AA (decimal 170)
   defining Unicode char U+00AB (decimal 171)
   defining Unicode char U+00AD (decimal 173)
   defining Unicode char U+00AE (decimal 174)
   defining Unicode char U+00B0 (decimal 176)
   defining Unicode char U+00B5 (decimal 181)
   defining Unicode char U+00B6 (decimal 182)
   defining Unicode char U+00B7 (decimal 183)
   defining Unicode char U+00BA (decimal 186)
   defining Unicode char U+00BB (decimal 187)
   defining Unicode char U+00BC (decimal 188)
   defining Unicode char U+00BD (decimal 189)
   defining Unicode char U+00BE (decimal 190)
   defining Unicode char U+00BF (decimal 191)
   defining Unicode char U+00C0 (decimal 192)
   defining Unicode char U+00C1 (decimal 193)
   defining Unicode char U+00C2 (decimal 194)
   defining Unicode char U+00C3 (decimal 195)
   defining Unicode char U+00C4 (decimal 196)
   defining Unicode char U+00C5 (decimal 197)
   defining Unicode char U+00C6 (decimal 198)
   defining Unicode char U+00C7 (decimal 199)
   defining Unicode char U+00C8 (decimal 200)
   defining Unicode char U+00C9 (decimal 201)
   defining Unicode char U+00CA (decimal 202)
   defining Unicode char U+00CB (decimal 203)
   defining Unicode char U+00CC (decimal 204)
   defining Unicode char U+00CD (decimal 205)
   defining Unicode char U+00CE (decimal 206)
   defining Unicode char U+00CF (decimal 207)
   defining Unicode char U+00D0 (decimal 208)
   defining Unicode char U+00D1 (decimal 209)
   defining Unicode char U+00D2 (decimal 210)
   defining Unicode char U+00D3 (decimal 211)
   defining Unicode char U+00D4 (decimal 212)
   defining Unicode char U+00D5 (decimal 213)
   defining Unicode char U+00D6 (decimal 214)
   defining Unicode char U+00D8 (decimal 216)
   defining Unicode char U+00D9 (decimal 217)
   defining Unicode char U+00DA (decimal 218)
   defining Unicode char U+00DB (decimal 219)
   defining Unicode char U+00DC (decimal 220)
   defining Unicode char U+00DD (decimal 221)
   defining Unicode char U+00DE (decimal 222)
   defining Unicode char U+00DF (decimal 223)
   defining Unicode char U+00E0 (decimal 224)
   defining Unicode char U+00E1 (decimal 225)
   defining Unicode char U+00E2 (decimal 226)
   defining Unicode char U+00E3 (decimal 227)
   defining Unicode char U+00E4 (decimal 228)
   defining Unicode char U+00E5 (decimal 229)
   defining Unicode char U+00E6 (decimal 230)
   defining Unicode char U+00E7 (decimal 231)
   defining Unicode char U+00E8 (decimal 232)
   defining Unicode char U+00E9 (decimal 233)
   defining Unicode char U+00EA (decimal 234)
   defining Unicode char U+00EB (decimal 235)
   defining Unicode char U+00EC (decimal 236)
   defining Unicode char U+00ED (decimal 237)
   defining Unicode char U+00EE (decimal 238)
   defining Unicode char U+00EF (decimal 239)
   defining Unicode char U+00F0 (decimal 240)
   defining Unicode char U+00F1 (decimal 241)
   defining Unicode char U+00F2 (decimal 242)
   defining Unicode char U+00F3 (decimal 243)
   defining Unicode char U+00F4 (decimal 244)
   defining Unicode char U+00F5 (decimal 245)
   defining Unicode char U+00F6 (decimal 246)
   defining Unicode char U+00F8 (decimal 248)
   defining Unicode char U+00F9 (decimal 249)
   defining Unicode char U+00FA (decimal 250)
   defining Unicode char U+00FB (decimal 251)
   defining Unicode char U+00FC (decimal 252)
   defining Unicode char U+00FD (decimal 253)
   defining Unicode char U+00FE (decimal 254)
   defining Unicode char U+00FF (decimal 255)
   defining Unicode char U+0131 (decimal 305)
   defining Unicode char U+0141 (decimal 321)
   defining Unicode char U+0142 (decimal 322)
   defining Unicode char U+0152 (decimal 338)
   defining Unicode char U+0153 (decimal 339)
   defining Unicode char U+0160 (decimal 352)
   defining Unicode char U+0161 (decimal 353)
   defining Unicode char U+0174 (decimal 372)
   defining Unicode char U+0175 (decimal 373)
   defining Unicode char U+0176 (decimal 374)
   defining Unicode char U+0177 (decimal 375)
   defining Unicode char U+0178 (decimal 376)
   defining Unicode char U+017D (decimal 381)
   defining Unicode char U+017E (decimal 382)
   defining Unicode char U+0192 (decimal 402)
   defining Unicode char U+0218 (decimal 536)
   defining Unicode char U+0219 (decimal 537)
   defining Unicode char U+021A (decimal 538)
   defining Unicode char U+021B (decimal 539)
   defining Unicode char U+0237 (decimal 567)
   defining Unicode char U+02C6 (decimal 710)
   defining Unicode char U+02DC (decimal 732)
   defining Unicode char U+2013 (decimal 8211)
   defining Unicode char U+2014 (decimal 8212)
   defining Unicode char U+201C (decimal 8220)
   defining Unicode char U+201D (decimal 8221)
   defining Unicode char U+2020 (decimal 8224)
   defining Unicode char U+2021 (decimal 8225)
   defining Unicode char U+2022 (decimal 8226)
   defining Unicode char U+2026 (decimal 8230)
   defining Unicode char U+2030 (decimal 8240)
   defining Unicode char U+2039 (decimal 8249)
   defining Unicode char U+203A (decimal 8250)
   defining Unicode char U+2122 (decimal 8482)
   defining Unicode char U+FB00 (decimal 64256)
   defining Unicode char U+FB01 (decimal 64257)
   defining Unicode char U+FB02 (decimal 64258)
   defining Unicode char U+FB03 (decimal 64259)
   defining Unicode char U+FB04 (decimal 64260)
   defining Unicode char U+FB05 (decimal 64261)
   defining Unicode char U+FB06 (decimal 64262)
))))
(C:\Program Files\MiKTeX\tex/latex/xcolor\xcolor.sty
Package: xcolor 2024/09/29 v3.02 LaTeX color extensions (UK)

(C:\Program Files\MiKTeX\tex/latex/graphics-cfg\color.cfg
File: color.cfg 2016/01/02 v1.6 sample color configuration
)
Package xcolor Info: Driver file: pdftex.def on input line 274.

(C:\Program Files\MiKTeX\tex/latex/graphics-def\pdftex.def
File: pdftex.def 2025/09/29 v1.2d Graphics/color driver for pdftex
)
(C:\Program Files\MiKTeX\tex/latex/graphics\mathcolor.ltx)
Package xcolor Info: Model `cmy' substituted by `cmy0' on input line 1349.
Package xcolor Info: Model `hsb' substituted by `rgb' on input line 1353.
Package xcolor Info: Model `RGB' extended on input line 1365.
Package xcolor Info: Model `HTML' substituted by `rgb' on input line 1367.
Package xcolor Info: Model `Hsb' substituted by `hsb' on input line 1368.
Package xcolor Info: Model `tHsb' substituted by `hsb' on input line 1369.
Package xcolor Info: Model `HSB' substituted by `hsb' on input line 1370.
Package xcolor Info: Model `Gray' substituted by `gray' on input line 1371.
Package xcolor Info: Model `wave' substituted by `hsb' on input line 1372.
)
(C:\Users\htama\AppData\Roaming\MiKTeX\tex/latex/pdfmanagement\xcolor-patches-t
mp-ltx.sty
Package: xcolor-patches-tmp-ltx 2026-05-26 v0.97c patch xcolor for l3color
)) (personalised.tex)
(C:\Program Files\MiKTeX\tex/generic/babel\babel.sty
Package: babel 2026/05/20 v26.8 The multilingual framework for LuaLaTeX, pdfLaT
eX and XeLaTeX
\babel@savecnt=\count322
LaTeX Encoding Info:    Redeclaring text command \ij (encoding OT1) on input li
ne 2084.
LaTeX Encoding Info:    Redeclaring text command \IJ (encoding OT1) on input li
ne 2086.
LaTeX Encoding Info:    Redeclaring text command \ij (encoding T1) on input lin
e 2088.
LaTeX Encoding Info:    Redeclaring text command \IJ (encoding T1) on input lin
e 2089.
LaTeX Encoding Info:    Ignoring declaration for text command \ij (encoding ?) 
on input line 2090.
LaTeX Encoding Info:    Ignoring declaration for text command \IJ (encoding ?) 
on input line 2092.
LaTeX Encoding Info:    Ignoring declaration for text command \SS (encoding ?) 
on input line 2117.
\U@D=\dimen155
\l@unhyphenated=\language79

(C:\Program Files\MiKTeX\tex/generic/babel\txtbabel.def)
\bbl@readstream=\read2
\bbl@dirlevel=\count323
Package babel Info: Fetching locale name for tag de-DE
(babel)             from babel-de-DE.ini. Reported on input line 4206.
Package babel Info: Passing german-germany to babel.
(babel)             This will be the main language except if
(babel)             explictly overriden with 'main='.
(babel)             Reported on input line 4214.
Package babel Info: Configuration files are deprecated, as
(babel)             they can break document portability.
(babel)             Reported on input line 4228.

*************************************
* Local config file bblopts.cfg used
*
(C:\Program Files\MiKTeX\tex/latex/arabi\bblopts.cfg
File: bblopts.cfg 2005/09/08 v0.1 add Arabic and Farsi to "declared" options of
 babel
)
(C:\Program Files\MiKTeX\tex/generic/babel/locale/de\babel-german-germany.tex)
(C:\Program Files\MiKTeX\tex/generic/babel/locale/invalid\babel-ngerman.tex)
Package babel Info: Importing font and identification data for german-germany
(babel)             from babel-de-DE.ini. Reported on input line 4356.

(C:\Users\htama\AppData\Roaming\MiKTeX\tex/latex/babel-german\german-germany.ld
f
Language: german-germany 

(C:\Users\htama\AppData\Roaming\MiKTeX\tex/latex/babel-german\babel-german.def
Package babel Info: Hyphen rules for 'german-germany' set to \l@ngerman
(babel)             (\language48). Reported on input line 183.
Package babel Info: Making " an active character on input line 500.
))
Package babel Info: Importing font and identification data for ngerman
(babel)             from babel-de.ini. Reported on input line 4356.
 (C:\Users\htama\AppData\Roaming\MiKTeX\tex/latex/babel-german\ngerman.ldf
Language: ngerman 

(C:\Users\htama\AppData\Roaming\MiKTeX\tex/latex/babel-german\babel-german.def)
)) (C:\Program Files\MiKTeX\tex/latex/base\inputenc.sty
Package: inputenc 2024/02/08 v1.3d Input encoding file
\inpenc@prehook=\toks21
\inpenc@posthook=\toks22
)
(C:\Users\htama\AppData\Roaming\MiKTeX\tex/latex/csquotes\csquotes.sty
Package: csquotes 2026-05-19 v5.2p context-sensitive quotations (JAW)

(C:\Program Files\MiKTeX\tex/latex/etoolbox\etoolbox.sty
Package: etoolbox 2025/10/02 v2.5m e-TeX tools for LaTeX (JAW)
\etb@tempcnta=\count324
)
\csq@reset=\count325
\csq@gtype=\count326
\csq@glevel=\count327
\csq@qlevel=\count328
\csq@maxlvl=\count329
\csq@tshold=\count330
\csq@ltx@everypar=\toks23

(C:\Users\htama\AppData\Roaming\MiKTeX\tex/latex/csquotes\csquotes.def
File: csquotes.def 2026-05-19 v5.2p csquotes generic definitions (JAW)
)
Package csquotes Info: Trying to load configuration file 'csquotes.cfg'...
Package csquotes Info: ... configuration file loaded successfully.

(C:\Users\htama\AppData\Roaming\MiKTeX\tex/latex/csquotes\csquotes.cfg
File: csquotes.cfg 
))
(C:\Users\htama\AppData\Roaming\MiKTeX\tex/latex/setspace\setspace.sty
Package: setspace 2022/12/04 v6.7b set line spacing
)
(C:\Program Files\MiKTeX\tex/latex/pgf/frontendlayer\tikz.sty
(C:\Program Files\MiKTeX\tex/latex/pgf/basiclayer\pgf.sty
(C:\Program Files\MiKTeX\tex/latex/pgf/utilities\pgfrcs.sty
(C:\Program Files\MiKTeX\tex/generic/pgf/utilities\pgfutil-common.tex
\pgfutil@everybye=\toks24
\pgfutil@tempdima=\dimen156
\pgfutil@tempdimb=\dimen157
)
(C:\Program Files\MiKTeX\tex/generic/pgf/utilities\pgfutil-latex.def
\pgfutil@abb=\box62
)
(C:\Program Files\MiKTeX\tex/generic/pgf/utilities\pgfrcs.code.tex
(C:\Program Files\MiKTeX\tex/generic/pgf\pgf.revision.tex)
Package: pgfrcs 2025-08-29 v3.1.11a (3.1.11a)
))
Package: pgf 2025-08-29 v3.1.11a (3.1.11a)

(C:\Program Files\MiKTeX\tex/latex/pgf/basiclayer\pgfcore.sty
(C:\Program Files\MiKTeX\tex/latex/graphics\graphicx.sty
Package: graphicx 2026-05-17 v1.2e Enhanced LaTeX Graphics (DPC,SPQR)

(C:\Program Files\MiKTeX\tex/latex/graphics\graphics.sty
Package: graphics 2026-05-17 v1.4h Standard LaTeX Graphics (DPC,SPQR)

(C:\Program Files\MiKTeX\tex/latex/graphics\trig.sty
Package: trig 2023/12/02 v1.11 sin cos tan (DPC)
)
(C:\Program Files\MiKTeX\tex/latex/graphics-cfg\graphics.cfg
File: graphics.cfg 2016/06/04 v1.11 sample graphics configuration
)
Package graphics Info: Driver file: pdftex.def on input line 106.
)
\Gin@req@height=\dimen158
\Gin@req@width=\dimen159
)
(C:\Program Files\MiKTeX\tex/latex/pgf/systemlayer\pgfsys.sty
(C:\Program Files\MiKTeX\tex/generic/pgf/systemlayer\pgfsys.code.tex
Package: pgfsys 2025-08-29 v3.1.11a (3.1.11a)

(C:\Program Files\MiKTeX\tex/generic/pgf/utilities\pgfkeys.code.tex
\pgfkeys@pathtoks=\toks25
\pgfkeys@temptoks=\toks26

(C:\Program Files\MiKTeX\tex/generic/pgf/utilities\pgfkeyslibraryfiltered.code.
tex
\pgfkeys@tmptoks=\toks27
))
\pgf@x=\dimen160
\pgf@y=\dimen161
\pgf@xa=\dimen162
\pgf@ya=\dimen163
\pgf@xb=\dimen164
\pgf@yb=\dimen165
\pgf@xc=\dimen166
\pgf@yc=\dimen167
\pgf@xd=\dimen168
\pgf@yd=\dimen169
\w@pgf@writea=\write3
\r@pgf@reada=\read3
\c@pgf@counta=\count331
\c@pgf@countb=\count332
\c@pgf@countc=\count333
\c@pgf@countd=\count334
\t@pgf@toka=\toks28
\t@pgf@tokb=\toks29
\t@pgf@tokc=\toks30
\pgf@sys@id@count=\count335
 (C:\Program Files\MiKTeX\tex/generic/pgf/systemlayer\pgf.cfg
File: pgf.cfg 2025-08-29 v3.1.11a (3.1.11a)
)
Driver file for pgf: pgfsys-pdftex.def

(C:\Program Files\MiKTeX\tex/generic/pgf/systemlayer\pgfsys-pdftex.def
File: pgfsys-pdftex.def 2025-08-29 v3.1.11a (3.1.11a)

(C:\Program Files\MiKTeX\tex/generic/pgf/systemlayer\pgfsys-common-pdf.def
File: pgfsys-common-pdf.def 2025-08-29 v3.1.11a (3.1.11a)
)))
(C:\Program Files\MiKTeX\tex/generic/pgf/systemlayer\pgfsyssoftpath.code.tex
File: pgfsyssoftpath.code.tex 2025-08-29 v3.1.11a (3.1.11a)
\pgfsyssoftpath@smallbuffer@items=\count336
\pgfsyssoftpath@bigbuffer@items=\count337
)
(C:\Program Files\MiKTeX\tex/generic/pgf/systemlayer\pgfsysprotocol.code.tex
File: pgfsysprotocol.code.tex 2025-08-29 v3.1.11a (3.1.11a)
))
(C:\Program Files\MiKTeX\tex/generic/pgf/basiclayer\pgfcore.code.tex
Package: pgfcore 2025-08-29 v3.1.11a (3.1.11a)

(C:\Program Files\MiKTeX\tex/generic/pgf/math\pgfmath.code.tex
(C:\Program Files\MiKTeX\tex/generic/pgf/math\pgfmathutil.code.tex)
(C:\Program Files\MiKTeX\tex/generic/pgf/math\pgfmathparser.code.tex
\pgfmath@dimen=\dimen170
\pgfmath@count=\count338
\pgfmath@box=\box63
\pgfmath@toks=\toks31
\pgfmath@stack@operand=\toks32
\pgfmath@stack@operation=\toks33
)
(C:\Program Files\MiKTeX\tex/generic/pgf/math\pgfmathfunctions.code.tex)
(C:\Program Files\MiKTeX\tex/generic/pgf/math\pgfmathfunctions.basic.code.tex)
(C:\Program Files\MiKTeX\tex/generic/pgf/math\pgfmathfunctions.trigonometric.co
de.tex)
(C:\Program Files\MiKTeX\tex/generic/pgf/math\pgfmathfunctions.random.code.tex)

(C:\Program Files\MiKTeX\tex/generic/pgf/math\pgfmathfunctions.comparison.code.
tex)
(C:\Program Files\MiKTeX\tex/generic/pgf/math\pgfmathfunctions.base.code.tex)
(C:\Program Files\MiKTeX\tex/generic/pgf/math\pgfmathfunctions.round.code.tex)
(C:\Program Files\MiKTeX\tex/generic/pgf/math\pgfmathfunctions.misc.code.tex)
(C:\Program Files\MiKTeX\tex/generic/pgf/math\pgfmathfunctions.integerarithmeti
cs.code.tex) (C:\Program Files\MiKTeX\tex/generic/pgf/math\pgfmathcalc.code.tex
) (C:\Program Files\MiKTeX\tex/generic/pgf/math\pgfmathfloat.code.tex
\c@pgfmathroundto@lastzeros=\count339
))
(C:\Program Files\MiKTeX\tex/generic/pgf/math\pgfint.code.tex)
(C:\Program Files\MiKTeX\tex/generic/pgf/basiclayer\pgfcorepoints.code.tex
File: pgfcorepoints.code.tex 2025-08-29 v3.1.11a (3.1.11a)
\pgf@picminx=\dimen171
\pgf@picmaxx=\dimen172
\pgf@picminy=\dimen173
\pgf@picmaxy=\dimen174
\pgf@pathminx=\dimen175
\pgf@pathmaxx=\dimen176
\pgf@pathminy=\dimen177
\pgf@pathmaxy=\dimen178
\pgf@xx=\dimen179
\pgf@xy=\dimen180
\pgf@yx=\dimen181
\pgf@yy=\dimen182
\pgf@zx=\dimen183
\pgf@zy=\dimen184
)
(C:\Program Files\MiKTeX\tex/generic/pgf/basiclayer\pgfcorepathconstruct.code.t
ex
File: pgfcorepathconstruct.code.tex 2025-08-29 v3.1.11a (3.1.11a)
\pgf@path@lastx=\dimen185
\pgf@path@lasty=\dimen186
)
(C:\Program Files\MiKTeX\tex/generic/pgf/basiclayer\pgfcorepathusage.code.tex
File: pgfcorepathusage.code.tex 2025-08-29 v3.1.11a (3.1.11a)
\pgf@shorten@end@additional=\dimen187
\pgf@shorten@start@additional=\dimen188
)
(C:\Program Files\MiKTeX\tex/generic/pgf/basiclayer\pgfcorescopes.code.tex
File: pgfcorescopes.code.tex 2025-08-29 v3.1.11a (3.1.11a)
\pgfpic=\box64
\pgf@hbox=\box65
\pgf@layerbox@main=\box66
\pgf@picture@serial@count=\count340
)
(C:\Program Files\MiKTeX\tex/generic/pgf/basiclayer\pgfcoregraphicstate.code.te
x
File: pgfcoregraphicstate.code.tex 2025-08-29 v3.1.11a (3.1.11a)
\pgflinewidth=\dimen189
)
(C:\Program Files\MiKTeX\tex/generic/pgf/basiclayer\pgfcoretransformations.code
.tex
File: pgfcoretransformations.code.tex 2025-08-29 v3.1.11a (3.1.11a)
\pgf@pt@x=\dimen190
\pgf@pt@y=\dimen191
\pgf@pt@temp=\dimen192
) (C:\Program Files\MiKTeX\tex/generic/pgf/basiclayer\pgfcorequick.code.tex
File: pgfcorequick.code.tex 2025-08-29 v3.1.11a (3.1.11a)
) (C:\Program Files\MiKTeX\tex/generic/pgf/basiclayer\pgfcoreobjects.code.tex
File: pgfcoreobjects.code.tex 2025-08-29 v3.1.11a (3.1.11a)
)
(C:\Program Files\MiKTeX\tex/generic/pgf/basiclayer\pgfcorepathprocessing.code.
tex
File: pgfcorepathprocessing.code.tex 2025-08-29 v3.1.11a (3.1.11a)
) (C:\Program Files\MiKTeX\tex/generic/pgf/basiclayer\pgfcorearrows.code.tex
File: pgfcorearrows.code.tex 2025-08-29 v3.1.11a (3.1.11a)
\pgfarrowsep=\dimen193
) (C:\Program Files\MiKTeX\tex/generic/pgf/basiclayer\pgfcoreshade.code.tex
File: pgfcoreshade.code.tex 2025-08-29 v3.1.11a (3.1.11a)
\pgf@max=\dimen194
\pgf@sys@shading@range@num=\count341
\pgf@shadingcount=\count342
)
(C:\Program Files\MiKTeX\tex/generic/pgf/basiclayer\pgfcoreimage.code.tex
File: pgfcoreimage.code.tex 2025-08-29 v3.1.11a (3.1.11a)
)
(C:\Program Files\MiKTeX\tex/generic/pgf/basiclayer\pgfcoreexternal.code.tex
File: pgfcoreexternal.code.tex 2025-08-29 v3.1.11a (3.1.11a)
\pgfexternal@startupbox=\box67
)
(C:\Program Files\MiKTeX\tex/generic/pgf/basiclayer\pgfcorelayers.code.tex
File: pgfcorelayers.code.tex 2025-08-29 v3.1.11a (3.1.11a)
)
(C:\Program Files\MiKTeX\tex/generic/pgf/basiclayer\pgfcoretransparency.code.te
x
File: pgfcoretransparency.code.tex 2025-08-29 v3.1.11a (3.1.11a)
) (C:\Program Files\MiKTeX\tex/generic/pgf/basiclayer\pgfcorepatterns.code.tex
File: pgfcorepatterns.code.tex 2025-08-29 v3.1.11a (3.1.11a)
) (C:\Program Files\MiKTeX\tex/generic/pgf/basiclayer\pgfcorerdf.code.tex
File: pgfcorerdf.code.tex 2025-08-29 v3.1.11a (3.1.11a)
)))
(C:\Program Files\MiKTeX\tex/generic/pgf/modules\pgfmoduleshapes.code.tex
File: pgfmoduleshapes.code.tex 2025-08-29 v3.1.11a (3.1.11a)
\pgfnodeparttextbox=\box68
)
(C:\Program Files\MiKTeX\tex/generic/pgf/modules\pgfmoduleplot.code.tex
File: pgfmoduleplot.code.tex 2025-08-29 v3.1.11a (3.1.11a)
)
(C:\Program Files\MiKTeX\tex/latex/pgf/compatibility\pgfcomp-version-0-65.sty
Package: pgfcomp-version-0-65 2025-08-29 v3.1.11a (3.1.11a)
\pgf@nodesepstart=\dimen195
\pgf@nodesepend=\dimen196
)
(C:\Program Files\MiKTeX\tex/latex/pgf/compatibility\pgfcomp-version-1-18.sty
Package: pgfcomp-version-1-18 2025-08-29 v3.1.11a (3.1.11a)
)) (C:\Program Files\MiKTeX\tex/latex/pgf/utilities\pgffor.sty
(C:\Program Files\MiKTeX\tex/latex/pgf/utilities\pgfkeys.sty
(C:\Program Files\MiKTeX\tex/generic/pgf/utilities\pgfkeys.code.tex))
(C:\Program Files\MiKTeX\tex/latex/pgf/math\pgfmath.sty
(C:\Program Files\MiKTeX\tex/generic/pgf/math\pgfmath.code.tex))
(C:\Program Files\MiKTeX\tex/generic/pgf/utilities\pgffor.code.tex
Package: pgffor 2025-08-29 v3.1.11a (3.1.11a)
\pgffor@iter=\dimen197
\pgffor@skip=\dimen198
\pgffor@stack=\toks34
\pgffor@toks=\toks35
))
(C:\Program Files\MiKTeX\tex/generic/pgf/frontendlayer/tikz\tikz.code.tex
Package: tikz 2025-08-29 v3.1.11a (3.1.11a)

(C:\Program Files\MiKTeX\tex/generic/pgf/libraries\pgflibraryplothandlers.code.
tex
File: pgflibraryplothandlers.code.tex 2025-08-29 v3.1.11a (3.1.11a)
\pgf@plot@mark@count=\count343
\pgfplotmarksize=\dimen199
)
\tikz@lastx=\dimen256
\tikz@lasty=\dimen257
\tikz@lastxsaved=\dimen258
\tikz@lastysaved=\dimen259
\tikz@lastmovetox=\dimen260
\tikz@lastmovetoy=\dimen261
\tikzleveldistance=\dimen262
\tikzsiblingdistance=\dimen263
\tikz@figbox=\box69
\tikz@figbox@bg=\box70
\tikz@tempbox=\box71
\tikz@tempbox@bg=\box72
\tikztreelevel=\count344
\tikznumberofchildren=\count345
\tikznumberofcurrentchild=\count346
\tikz@fig@count=\count347
 (C:\Program Files\MiKTeX\tex/generic/pgf/modules\pgfmodulematrix.code.tex
File: pgfmodulematrix.code.tex 2025-08-29 v3.1.11a (3.1.11a)
\pgfmatrixcurrentrow=\count348
\pgfmatrixcurrentcolumn=\count349
\pgf@matrix@numberofcolumns=\count350
)
\tikz@expandcount=\count351

(C:\Program Files\MiKTeX\tex/generic/pgf/frontendlayer/tikz/libraries\tikzlibra
rytopaths.code.tex
File: tikzlibrarytopaths.code.tex 2025-08-29 v3.1.11a (3.1.11a)
)))
(C:\Users\htama\AppData\Roaming\MiKTeX\tex/latex/microtype\microtype.sty
Package: microtype 2026/03/01 v3.2d Micro-typographical refinements (RS)
\MT@toks=\toks36
\MT@tempbox=\box73
\MT@count=\count352
LaTeX Info: Redefining \noprotrusionifhmode on input line 1084.
LaTeX Info: Redefining \leftprotrusion on input line 1085.
\MT@prot@toks=\toks37
LaTeX Info: Redefining \rightprotrusion on input line 1104.
LaTeX Info: Redefining \textls on input line 1449.
\MT@outer@kern=\dimen264
LaTeX Info: Redefining \microtypecontext on input line 2053.
LaTeX Info: Redefining \textmicrotypecontext on input line 2070.
\MT@listname@count=\count353

(C:\Users\htama\AppData\Roaming\MiKTeX\tex/latex/microtype\microtype-pdftex.def
File: microtype-pdftex.def 2026/03/01 v3.2d Definitions specific to pdftex (RS)

LaTeX Info: Redefining \lsstyle on input line 944.
LaTeX Info: Redefining \lslig on input line 944.
\MT@outer@space=\skip69
)
Package microtype Info: Loading configuration file microtype.cfg.
 (C:\Users\htama\AppData\Roaming\MiKTeX\tex/latex/microtype\microtype.cfg
File: microtype.cfg 2026/03/01 v3.2d microtype main configuration file (RS)
)
LaTeX Info: Redefining \microtypesetup on input line 3065.
)
(C:\Program Files\MiKTeX\tex/latex/base\ifthen.sty
Package: ifthen 2024/03/16 v1.1e Standard LaTeX ifthen package (DPC)
)
Package babel Info: 'ngerman' activates 'german' shorthands.
(babel)             Reported on input line 38.
\ImgH=\skip70
\BannerH=\skip71

(C:\Program Files\MiKTeX\tex/latex/amsmath\amsmath.sty
Package: amsmath 2026/05/19 v2.18d AMS math features
\@mathmargin=\skip72

For additional information on amsmath, use the `?' option.
(C:\Program Files\MiKTeX\tex/latex/amsmath\amstext.sty
Package: amstext 2024/11/17 v2.01 AMS text

(C:\Program Files\MiKTeX\tex/latex/amsmath\amsgen.sty
File: amsgen.sty 1999/11/30 v2.0 generic functions
\@emptytoks=\toks38
\ex@=\dimen265
))
(C:\Program Files\MiKTeX\tex/latex/amsmath\amsbsy.sty
Package: amsbsy 1999/11/29 v1.2d Bold Symbols
\pmbraise@=\dimen266
)
(C:\Program Files\MiKTeX\tex/latex/amsmath\amsopn.sty
Package: amsopn 2022/04/08 v2.04 operator names
)
\inf@bad=\count354
LaTeX Info: Redefining \frac on input line 233.
\uproot@=\count355
\leftroot@=\count356
LaTeX Info: Redefining \overline on input line 398.
LaTeX Info: Redefining \colon on input line 409.
\classnum@=\count357
\DOTSCASE@=\count358
LaTeX Info: Redefining \ldots on input line 495.
LaTeX Info: Redefining \dots on input line 498.
LaTeX Info: Redefining \cdots on input line 619.
\Mathstrutbox@=\box74
\strutbox@=\box75
LaTeX Info: Redefining \big on input line 721.
LaTeX Info: Redefining \Big on input line 722.
LaTeX Info: Redefining \bigg on input line 723.
LaTeX Info: Redefining \Bigg on input line 724.
\big@size=\dimen267
LaTeX Font Info:    Redeclaring font encoding OML on input line 742.
LaTeX Font Info:    Redeclaring font encoding OMS on input line 743.
\macc@depth=\count359
LaTeX Info: Redefining \bmod on input line 904.
LaTeX Info: Redefining \pmod on input line 909.
LaTeX Info: Redefining \smash on input line 939.
LaTeX Info: Redefining \relbar on input line 969.
LaTeX Info: Redefining \Relbar on input line 970.
\c@MaxMatrixCols=\count360
\dotsspace@=\muskip17
\c@parentequation=\count361
\dspbrk@lvl=\count362
\tag@help=\toks39
\row@=\count363
\column@=\count364
\maxfields@=\count365
\andhelp@=\toks40
\eqnshift@=\dimen268
\alignsep@=\dimen269
\tagshift@=\dimen270
\tagwidth@=\dimen271
\totwidth@=\dimen272
\lineht@=\dimen273
\@envbody=\toks41
\multlinegap=\skip73
\multlinetaggap=\skip74
\mathdisplay@stack=\toks42
LaTeX Info: Redefining \[ on input line 2965.
LaTeX Info: Redefining \] on input line 2966.
)
(C:\Users\htama\AppData\Roaming\MiKTeX\tex/latex/latex-lab\latex-lab-amsmath.lt
x
File: latex-lab-amsmath.ltx 2026-04-25 v0.1j amsmath adaptions
LaTeX Info: Redefining \eqref on input line 58.
\l__luamml_struct_tmpa_int=\count366
)

Package babel-german Warning: Hyphenation patterns `ngerman-x-latest', requeste
d by german-germany, not available. Falling back to legacy! on input line 84.

Package csquotes Info: Checking for multilingual support...
Package csquotes Info: ... found 'babel' package.
Package csquotes Info: Adjusting default style.
Package csquotes Info: Redefining alias 'default' -> 'ngerman'.
LaTeX Font Info:    Trying to load font information for T1+SourceSansThree-TLF 
on input line 84.

(C:\Users\htama\AppData\Roaming\MiKTeX\tex/latex/sourcesans\t1sourcesansthree-t
lf.fd
File: T1SourceSansThree-TLF.fd 2026/05/03 (autoinst) Font definitions for T1/So
urceSansThree-TLF.
)
LaTeX Font Info:    Font shape `T1/SourceSansThree-TLF/m/n' will be
(Font)              scaled to size 10.0pt on input line 84.


LaTeX Warning: Unused global option(s):
    [sender].

(main.aux)
\openout1 = `main.aux'.

LaTeX Font Info:    Checking defaults for OML/cmm/m/it on input line 84.
LaTeX Font Info:    ... okay on input line 84.
LaTeX Font Info:    Checking defaults for OMS/cmsy/m/n on input line 84.
LaTeX Font Info:    ... okay on input line 84.
LaTeX Font Info:    Checking defaults for OT1/cmr/m/n on input line 84.
LaTeX Font Info:    ... okay on input line 84.
LaTeX Font Info:    Checking defaults for T1/cmr/m/n on input line 84.
LaTeX Font Info:    ... okay on input line 84.
LaTeX Font Info:    Checking defaults for TS1/cmr/m/n on input line 84.
LaTeX Font Info:    ... okay on input line 84.
LaTeX Font Info:    Checking defaults for OMX/cmex/m/n on input line 84.
LaTeX Font Info:    ... okay on input line 84.
LaTeX Font Info:    Checking defaults for U/cmr/m/n on input line 84.
LaTeX Font Info:    ... okay on input line 84.
LaTeX Font Info:    Checking defaults for LY1/ptm/m/n on input line 84.
LaTeX Font Info:    Trying to load font information for LY1+ptm on input line 8
4.
 (C:\Users\htama\AppData\Roaming\MiKTeX\tex/latex/ly1\ly1ptm.fd
File: ly1ptm.fd 2001/02/01 font definitions for LY1/ptm using Berry names.
)
LaTeX Font Info:    ... okay on input line 84.
Class scrlttr2 Info: no date found for language `american'
(scrlttr2)           --> skipped on input line 84.
Class scrlttr2 Info: no date found for language `australian'
(scrlttr2)           --> skipped on input line 84.
Class scrlttr2 Info: no date found for language `british'
(scrlttr2)           --> skipped on input line 84.
Class scrlttr2 Info: no date found for language `canadian'
(scrlttr2)           --> skipped on input line 84.
Class scrlttr2 Info: no date found for language `newzealand'
(scrlttr2)           --> skipped on input line 84.
Class scrlttr2 Info: no date found for language `UKenglish'
(scrlttr2)           --> skipped on input line 84.
Class scrlttr2 Info: no date found for language `ukenglish'
(scrlttr2)           --> skipped on input line 84.
Class scrlttr2 Info: no date found for language `USenglish'
(scrlttr2)           --> skipped on input line 84.
Class scrlttr2 Info: no date found for language `usenglish'
(scrlttr2)           --> skipped on input line 84.
Package scrbase Info: activating ngerman \yourrefname on input line 84.
Package scrbase Info: activating ngerman \yourmailname on input line 84.
Package scrbase Info: activating ngerman \myrefname on input line 84.
Package scrbase Info: activating ngerman \customername on input line 84.
Package scrbase Info: activating ngerman \invoicename on input line 84.
Package scrbase Info: activating ngerman \subjectname on input line 84.
Package scrbase Info: activating ngerman \headfromname on input line 84.
Package scrbase Info: activating ngerman \datename on input line 84.
Package scrbase Info: activating ngerman \phonename on input line 84.
Package scrbase Info: activating ngerman \mobilephonename on input line 84.
Package scrbase Info: activating ngerman \faxname on input line 84.
Package scrbase Info: activating ngerman \emailname on input line 84.
Package scrbase Info: activating ngerman \wwwname on input line 84.
Package scrbase Info: activating ngerman \bankname on input line 84.
Class scrlttr2 Info: no date found for language `german'
(scrlttr2)           --> skipped on input line 84.
Class scrlttr2 Info: no date found for language `austrian'
(scrlttr2)           --> skipped on input line 84.
Class scrlttr2 Info: no date found for language `naustrian'
(scrlttr2)           --> skipped on input line 84.
Class scrlttr2 Info: no date found for language `swissgerman'
(scrlttr2)           --> skipped on input line 84.
Class scrlttr2 Info: no date found for language `nswissgerman'
(scrlttr2)           --> skipped on input line 84.
Class scrlttr2 Info: no date found for language `acadian'
(scrlttr2)           --> skipped on input line 84.
Class scrlttr2 Info: no date found for language `canadien'
(scrlttr2)           --> skipped on input line 84.
Class scrlttr2 Info: no date found for language `francais'
(scrlttr2)           --> skipped on input line 84.
Class scrlttr2 Info: no date found for language `french'
(scrlttr2)           --> skipped on input line 84.
Class scrlttr2 Info: no date found for language `italian'
(scrlttr2)           --> skipped on input line 84.
Class scrlttr2 Info: no date found for language `spanish'
(scrlttr2)           --> skipped on input line 84.
Class scrlttr2 Info: no date found for language `croatian'
(scrlttr2)           --> skipped on input line 84.
Class scrlttr2 Info: no date found for language `dutch'
(scrlttr2)           --> skipped on input line 84.
Class scrlttr2 Info: no date found for language `finnish'
(scrlttr2)           --> skipped on input line 84.
Class scrlttr2 Info: no date found for language `norsk'
(scrlttr2)           --> skipped on input line 84.
Class scrlttr2 Info: no date found for language `swedish'
(scrlttr2)           --> skipped on input line 84.
Class scrlttr2 Info: no date found for language `polish'
(scrlttr2)           --> skipped on input line 84.
Class scrlttr2 Info: no date found for language `czech'
(scrlttr2)           --> skipped on input line 84.
Class scrlttr2 Info: no date found for language `slovak'
(scrlttr2)           --> skipped on input line 84.
Class scrlttr2 Info: trying to activate captions and date
(scrlttr2)           of language `ngerman' on input line 84.
Class scrlttr2 Info: used language is `ngerman'.
(scrlttr2)           Supported languages are: `english', `UKenglish',
(scrlttr2)           `ukenglish', `british', `american', `USenglish',
(scrlttr2)           `usenglish', `australian`,`canadian', `newzealand',
(scrlttr2)           `german', `ngerman', `austrian', `naustrian',
(scrlttr2)           `swissgerman', `nswissgermsn',
(scrlttr2)           `acadian', `canadien', `francais', `french', 
(scrlttr2)           `dutch', `italian', `spanish', `polish',
(scrlttr2)           `croatian', `finnish', `norsk', `swedish',
(scrlttr2)           `czech', `slovak' on input line 84.

(C:\Program Files\MiKTeX\tex/context/base/mkii\supp-pdf.mkii
[Loading MPS to PDF converter (version 2006.09.02).]
\scratchcounter=\count367
\scratchdimen=\dimen274
\scratchbox=\box76
\nofMPsegments=\count368
\nofMParguments=\count369
\everyMPshowfont=\toks43
\MPscratchCnt=\count370
\MPscratchDim=\dimen275
\MPnumerator=\count371
\makeMPintoPDFobject=\count372
\everyMPtoPDFconversion=\toks44
) (C:\Program Files\MiKTeX\tex/latex/epstopdf-pkg\epstopdf-base.sty
Package: epstopdf-base 2020-01-24 v2.11 Base part for package epstopdf

(C:\Users\htama\AppData\Roaming\MiKTeX\tex/generic/infwarerr\infwarerr.sty
Package: infwarerr 2019/12/03 v1.5 Providing info/warning/error messages (HO)
)
(C:\Users\htama\AppData\Roaming\MiKTeX\tex/latex/grfext\grfext.sty
Package: grfext 2019/12/03 v1.3 Manage graphics extensions (HO)

(C:\Users\htama\AppData\Roaming\MiKTeX\tex/generic/kvdefinekeys\kvdefinekeys.st
y
Package: kvdefinekeys 2019-12-19 v1.6 Define keys (HO)
)) (C:\Users\htama\AppData\Roaming\MiKTeX\tex/latex/kvoptions\kvoptions.sty
Package: kvoptions 2022-06-15 v3.15 Key value format for package options (HO)

(C:\Users\htama\AppData\Roaming\MiKTeX\tex/generic/ltxcmds\ltxcmds.sty
Package: ltxcmds 2023-12-04 v1.26 LaTeX kernel commands for general use (HO)
)
(C:\Users\htama\AppData\Roaming\MiKTeX\tex/latex/kvsetkeys\kvsetkeys.sty
Package: kvsetkeys 2022-10-05 v1.19 Key value parser (HO)
))
(C:\Program Files\MiKTeX\tex/generic/pdftexcmds\pdftexcmds.sty
Package: pdftexcmds 2020-06-27 v0.33 Utility functions of pdfTeX for LuaTeX (HO
)
Package pdftexcmds Info: \pdf@primitive is available.
Package pdftexcmds Info: \pdf@ifprimitive is available.
Package pdftexcmds Info: \pdfdraftmode found.
)
Package epstopdf-base Info: Redefining graphics rule for `.eps' on input line 4
85.
Package grfext Info: Graphics extension search list:
(grfext)             [.pdf,.png,.jpg,.mps,.jpeg,.jbig2,.jb2,.PDF,.PNG,.JPG,.JPE
G,.JBIG2,.JB2,.eps]
(grfext)             \AppendGraphicsExtensions on input line 504.

(C:\Program Files\MiKTeX\tex/latex/00miktex\epstopdf-sys.cfg
File: epstopdf-sys.cfg 2021/03/18 v2.0 Configuration of epstopdf for MiKTeX
))
LaTeX Info: Redefining \microtypecontext on input line 84.
Package microtype Info: Applying patch `item' on input line 84.
Package microtype Info: Applying patch `toc' on input line 84.
Package microtype Info: Applying patch `eqnum' on input line 84.
Package microtype Info: Applying patch `footnote' on input line 84.
Package microtype Info: Applying patch `verbatim' on input line 84.
LaTeX Info: Redefining \microtypesetup on input line 84.
Package microtype Info: Generating PDF output.
Package microtype Info: Character protrusion enabled (level 2).
Package microtype Info: Using default protrusion set `alltext'.
Package microtype Info: Automatic font expansion enabled (level 2),
(microtype)             stretch: 20, shrink: 20, step: 1, non-selected.
Package microtype Info: Using default expansion set `alltext-nott'.
Package microtype Info: Patching command `\showhyphens'.
Package microtype Info: No adjustment of tracking.
Package microtype Info: No adjustment of interword spacing.
Package microtype Info: No adjustment of character kerning.
Package microtype Info: Loading generic protrusion settings for font family
(microtype)             `SourceSansThree-TLF' (encoding: T1).
(microtype)             For optimal results, create family-specific settings.
(microtype)             See the microtype manual for details.
LaTeX Font Info:    Font shape `T1/SourceSansThree-TLF/b/n' will be
(Font)              scaled to size 10.0pt on input line 86.
LaTeX Font Info:    Font shape `T1/SourceSansThree-TLF/b/n' will be
(Font)              scaled to size 36.0pt on input line 86.
LaTeX Font Info:    Font shape `T1/SourceSansThree-TLF/m/n' will be
(Font)              scaled to size 8.0pt on input line 86.
LaTeX Font Info:    Trying to load font information for TS1+SourceSansThree-TLF
 on input line 86.

(C:\Users\htama\AppData\Roaming\MiKTeX\tex/latex/sourcesans\ts1sourcesansthree-
tlf.fd
File: TS1SourceSansThree-TLF.fd 2026/05/03 (autoinst) Font definitions for TS1/
SourceSansThree-TLF.
)
LaTeX Font Info:    Font shape `TS1/SourceSansThree-TLF/m/n' will be
(Font)              scaled to size 8.0pt on input line 86.
Package microtype Info: Loading generic protrusion settings for font family
(microtype)             `SourceSansThree-TLF' (encoding: TS1).
(microtype)             For optimal results, create family-specific settings.
(microtype)             See the microtype manual for details.

Overfull \hbox (59.74898pt too wide) in paragraph at lines 86--86
[]| [][] 
 []


Overfull \hbox (54.06203pt too wide) in paragraph at lines 86--86
| [][][][][][] 
 []


Overfull \hbox (59.74898pt too wide) in paragraph at lines 86--86
[]| [][] 
 []


Overfull \hbox (54.06203pt too wide) in paragraph at lines 86--86
| [][][][][][] 
 []

<../src_personal/signature.png, id=21, 379.4175pt x 135.50626pt>
File: ../src_personal/signature.png Graphic file (type png)
<use ../src_personal/signature.png>
Package pdftex.def Info: ../src_personal/signature.png  used on input line 100.

(pdftex.def)             Requested size: 143.39856pt x 51.21504pt.
[1



{C:/Users/htama/AppData/Local/MiKTeX/fonts/map/pdftex/pdftex.map}{C:/Users/htam
a/AppData/Roaming/MiKTeX/fonts/enc/dvips/sourcesans/a_d4iwsr.enc}{C:/Users/htam
a/AppData/Roaming/MiKTeX/fonts/enc/dvips/sourcesans/a_44crgg.enc} <../src_perso
nal/signature.png (PNG copy)>] (main.aux)
 ***********
LaTeX2e <2026-06-01>
L3 programming layer <2026-05-26>
 ***********
 ) 
Here is how much of TeX's memory you used:
 26474 strings out of 467509
 603836 string characters out of 5418889
 1268536 words of memory out of 5000000
 55171 multiletter control sequences out of 15000+600000
 691731 words of font info for 77 fonts, out of 8000000 for 9000
 1141 hyphenation exceptions out of 8191
 110i,12n,107p,1003b,497s stack positions out of 10000i,1000n,20000p,200000b,200000s
<C:/Users/htama/AppData/Roaming/MiKTeX/fonts/type1/adobe/sourcesans/SourceSan
s3-Bold.pfb><C:/Users/htama/AppData/Roaming/MiKTeX/fonts/type1/adobe/sourcesans
/SourceSans3-Regular.pfb>
Output written on main.pdf (1 page, 208523 bytes).
PDF statistics:
 43 PDF objects out of 1000 (max. 8388607)
 0 named destinations out of 1000 (max. 500000)
 20506 words of extra memory for PDF output out of 20736 (max. 10000000)

